Component: Arm Compiler for Embedded 6.21 Tool: armlink [5ec1fa00]

==============================================================================

Section Cross References

    startup_stm32f103xb.o(RESET) refers to startup_stm32f103xb.o(STACK) for __initial_sp
    startup_stm32f103xb.o(RESET) refers to startup_stm32f103xb.o(.text) for Reset_Handler
    startup_stm32f103xb.o(RESET) refers to stm32f1xx_it.o(.text.NMI_Handler) for NMI_Handler
    startup_stm32f103xb.o(RESET) refers to stm32f1xx_it.o(.text.HardFault_Handler) for HardFault_Handler
    startup_stm32f103xb.o(RESET) refers to stm32f1xx_it.o(.text.MemManage_Handler) for MemManage_Handler
    startup_stm32f103xb.o(RESET) refers to stm32f1xx_it.o(.text.BusFault_Handler) for BusFault_Handler
    startup_stm32f103xb.o(RESET) refers to stm32f1xx_it.o(.text.UsageFault_Handler) for UsageFault_Handler
    startup_stm32f103xb.o(RESET) refers to stm32f1xx_it.o(.text.SVC_Handler) for SVC_Handler
    startup_stm32f103xb.o(RESET) refers to stm32f1xx_it.o(.text.DebugMon_Handler) for DebugMon_Handler
    startup_stm32f103xb.o(RESET) refers to stm32f1xx_it.o(.text.PendSV_Handler) for PendSV_Handler
    startup_stm32f103xb.o(RESET) refers to stm32f1xx_it.o(.text.SysTick_Handler) for SysTick_Handler
    startup_stm32f103xb.o(.text) refers to system_stm32f1xx.o(.text.SystemInit) for SystemInit
    startup_stm32f103xb.o(.text) refers to entry.o(.ARM.Collect$$$$00000000) for __main
    mpu6050.o(.ARM.exidx.text.inv_orientation_matrix_to_scalar) refers to mpu6050.o(.text.inv_orientation_matrix_to_scalar) for [Anonymous Symbol]
    mpu6050.o(.text.MPU6050_DMP_Init) refers to inv_mpu.o(.text.mpu_init) for mpu_init
    mpu6050.o(.text.MPU6050_DMP_Init) refers to inv_mpu.o(.text.mpu_set_sensors) for mpu_set_sensors
    mpu6050.o(.text.MPU6050_DMP_Init) refers to inv_mpu.o(.text.mpu_configure_fifo) for mpu_configure_fifo
    mpu6050.o(.text.MPU6050_DMP_Init) refers to inv_mpu.o(.text.mpu_set_sample_rate) for mpu_set_sample_rate
    mpu6050.o(.text.MPU6050_DMP_Init) refers to inv_mpu_dmp_motion_driver.o(.text.dmp_load_motion_driver_firmware) for dmp_load_motion_driver_firmware
    mpu6050.o(.text.MPU6050_DMP_Init) refers to mpu6050.o(.data.gyro_pdata) for gyro_pdata
    mpu6050.o(.text.MPU6050_DMP_Init) refers to mpu6050.o(.text.inv_orientation_matrix_to_scalar) for inv_orientation_matrix_to_scalar
    mpu6050.o(.text.MPU6050_DMP_Init) refers to inv_mpu_dmp_motion_driver.o(.text.dmp_set_orientation) for dmp_set_orientation
    mpu6050.o(.text.MPU6050_DMP_Init) refers to inv_mpu_dmp_motion_driver.o(.text.dmp_enable_feature) for dmp_enable_feature
    mpu6050.o(.text.MPU6050_DMP_Init) refers to inv_mpu_dmp_motion_driver.o(.text.dmp_set_fifo_rate) for dmp_set_fifo_rate
    mpu6050.o(.text.MPU6050_DMP_Init) refers to inv_mpu.o(.text.mpu_set_dmp_state) for mpu_set_dmp_state
    mpu6050.o(.ARM.exidx.text.MPU6050_DMP_Init) refers to mpu6050.o(.text.MPU6050_DMP_Init) for [Anonymous Symbol]
    mpu6050.o(.text.MPU6050_Init) refers to i2c.o(.bss.hi2c1) for hi2c1
    mpu6050.o(.text.MPU6050_Init) refers to stm32f1xx_hal_i2c.o(.text.HAL_I2C_Mem_Write) for HAL_I2C_Mem_Write
    mpu6050.o(.ARM.exidx.text.MPU6050_Init) refers to mpu6050.o(.text.MPU6050_Init) for [Anonymous Symbol]
    mpu6050.o(.text.ReadAccel_x) refers to fflti.o(.text) for __aeabi_i2f
    mpu6050.o(.text.ReadAccel_x) refers to fmul.o(.text) for __aeabi_fmul
    mpu6050.o(.ARM.exidx.text.ReadAccel_x) refers to mpu6050.o(.text.ReadAccel_x) for [Anonymous Symbol]
    mpu6050.o(.text.ReadAccel_y) refers to fflti.o(.text) for __aeabi_i2f
    mpu6050.o(.text.ReadAccel_y) refers to fmul.o(.text) for __aeabi_fmul
    mpu6050.o(.ARM.exidx.text.ReadAccel_y) refers to mpu6050.o(.text.ReadAccel_y) for [Anonymous Symbol]
    mpu6050.o(.text.ReadAccel_z) refers to fflti.o(.text) for __aeabi_i2f
    mpu6050.o(.text.ReadAccel_z) refers to fmul.o(.text) for __aeabi_fmul
    mpu6050.o(.ARM.exidx.text.ReadAccel_z) refers to mpu6050.o(.text.ReadAccel_z) for [Anonymous Symbol]
    mpu6050.o(.text.ReadGyro_x) refers to dflti.o(.text) for __aeabi_i2d
    mpu6050.o(.text.ReadGyro_x) refers to ddiv.o(.text) for __aeabi_ddiv
    mpu6050.o(.text.ReadGyro_x) refers to d2f.o(.text) for __aeabi_d2f
    mpu6050.o(.ARM.exidx.text.ReadGyro_x) refers to mpu6050.o(.text.ReadGyro_x) for [Anonymous Symbol]
    mpu6050.o(.text.ReadGyro_y) refers to dflti.o(.text) for __aeabi_i2d
    mpu6050.o(.text.ReadGyro_y) refers to ddiv.o(.text) for __aeabi_ddiv
    mpu6050.o(.text.ReadGyro_y) refers to d2f.o(.text) for __aeabi_d2f
    mpu6050.o(.ARM.exidx.text.ReadGyro_y) refers to mpu6050.o(.text.ReadGyro_y) for [Anonymous Symbol]
    mpu6050.o(.text.ReadGyro_z) refers to dflti.o(.text) for __aeabi_i2d
    mpu6050.o(.text.ReadGyro_z) refers to ddiv.o(.text) for __aeabi_ddiv
    mpu6050.o(.text.ReadGyro_z) refers to d2f.o(.text) for __aeabi_d2f
    mpu6050.o(.ARM.exidx.text.ReadGyro_z) refers to mpu6050.o(.text.ReadGyro_z) for [Anonymous Symbol]
[...]
    Removing stm32f1xx_hal_pwr.o(.ARM.exidx.text.HAL_PWR_DisableBkUpAccess), (8 bytes).
    Removing stm32f1xx_hal_pwr.o(.text.HAL_PWR_ConfigPVD), (130 bytes).
    Removing stm32f1xx_hal_pwr.o(.ARM.exidx.text.HAL_PWR_ConfigPVD), (8 bytes).
    Removing stm32f1xx_hal_pwr.o(.text.HAL_PWR_EnablePVD), (12 bytes).
    Removing stm32f1xx_hal_pwr.o(.ARM.exidx.text.HAL_PWR_EnablePVD), (8 bytes).
    Removing stm32f1xx_hal_pwr.o(.text.HAL_PWR_DisablePVD), (12 bytes).
    Removing stm32f1xx_hal_pwr.o(.ARM.exidx.text.HAL_PWR_DisablePVD), (8 bytes).
    Removing stm32f1xx_hal_pwr.o(.text.HAL_PWR_EnableWakeUpPin), (22 bytes).
    Removing stm32f1xx_hal_pwr.o(.ARM.exidx.text.HAL_PWR_EnableWakeUpPin), (8 bytes).
    Removing stm32f1xx_hal_pwr.o(.text.HAL_PWR_DisableWakeUpPin), (22 bytes).
    Removing stm32f1xx_hal_pwr.o(.ARM.exidx.text.HAL_PWR_DisableWakeUpPin), (8 bytes).
    Removing stm32f1xx_hal_pwr.o(.text.HAL_PWR_EnterSLEEPMode), (30 bytes).
    Removing stm32f1xx_hal_pwr.o(.ARM.exidx.text.HAL_PWR_EnterSLEEPMode), (8 bytes).
    Removing stm32f1xx_hal_pwr.o(.text.HAL_PWR_EnterSTOPMode), (80 bytes).
    Removing stm32f1xx_hal_pwr.o(.ARM.exidx.text.HAL_PWR_EnterSTOPMode), (8 bytes).
    Removing stm32f1xx_hal_pwr.o(.text.PWR_OverloadWfe), (6 bytes).
    Removing stm32f1xx_hal_pwr.o(.ARM.exidx.text.PWR_OverloadWfe), (8 bytes).
    Removing stm32f1xx_hal_pwr.o(.text.HAL_PWR_EnterSTANDBYMode), (36 bytes).
    Removing stm32f1xx_hal_pwr.o(.ARM.exidx.text.HAL_PWR_EnterSTANDBYMode), (8 bytes).
    Removing stm32f1xx_hal_pwr.o(.text.HAL_PWR_EnableSleepOnExit), (18 bytes).
    Removing stm32f1xx_hal_pwr.o(.ARM.exidx.text.HAL_PWR_EnableSleepOnExit), (8 bytes).
    Removing stm32f1xx_hal_pwr.o(.text.HAL_PWR_DisableSleepOnExit), (18 bytes).
    Removing stm32f1xx_hal_pwr.o(.ARM.exidx.text.HAL_PWR_DisableSleepOnExit), (8 bytes).
    Removing stm32f1xx_hal_pwr.o(.text.HAL_PWR_EnableSEVOnPend), (18 bytes).
    Removing stm32f1xx_hal_pwr.o(.ARM.exidx.text.HAL_PWR_EnableSEVOnPend), (8 bytes).
    Removing stm32f1xx_hal_pwr.o(.text.HAL_PWR_DisableSEVOnPend), (18 bytes).
    Removing stm32f1xx_hal_pwr.o(.ARM.exidx.text.HAL_PWR_DisableSEVOnPend), (8 bytes).
    Removing stm32f1xx_hal_pwr.o(.text.HAL_PWR_PVD_IRQHandler), (30 bytes).
    Removing stm32f1xx_hal_pwr.o(.ARM.exidx.text.HAL_PWR_PVD_IRQHandler), (8 bytes).
    Removing stm32f1xx_hal_pwr.o(.text.HAL_PWR_PVDCallback), (2 bytes).
    Removing stm32f1xx_hal_pwr.o(.ARM.exidx.text.HAL_PWR_PVDCallback), (8 bytes).
    Removing stm32f1xx_hal_flash.o(.text), (0 bytes).
    Removing stm32f1xx_hal_flash.o(.text.HAL_FLASH_Program), (172 bytes).
    Removing stm32f1xx_hal_flash.o(.ARM.exidx.text.HAL_FLASH_Program), (8 bytes).
    Removing stm32f1xx_hal_flash.o(.text.FLASH_WaitForLastOperation), (224 bytes).
    Removing stm32f1xx_hal_flash.o(.ARM.exidx.text.FLASH_WaitForLastOperation), (8 bytes).
    Removing stm32f1xx_hal_flash.o(.text.HAL_FLASH_Program_IT), (110 bytes).
    Removing stm32f1xx_hal_flash.o(.ARM.exidx.text.HAL_FLASH_Program_IT), (8 bytes).
    Removing stm32f1xx_hal_flash.o(.text.HAL_FLASH_IRQHandler), (372 bytes).
    Removing stm32f1xx_hal_flash.o(.ARM.exidx.text.HAL_FLASH_IRQHandler), (8 bytes).
    Removing stm32f1xx_hal_flash.o(.text.HAL_FLASH_OperationErrorCallback), (2 bytes).
    Removing stm32f1xx_hal_flash.o(.ARM.exidx.text.HAL_FLASH_OperationErrorCallback), (8 bytes).
    Removing stm32f1xx_hal_flash.o(.text.HAL_FLASH_EndOfOperationCallback), (2 bytes).
    Removing stm32f1xx_hal_flash.o(.ARM.exidx.text.HAL_FLASH_EndOfOperationCallback), (8 bytes).
    Removing stm32f1xx_hal_flash.o(.text.HAL_FLASH_Unlock), (46 bytes).
    Removing stm32f1xx_hal_flash.o(.ARM.exidx.text.HAL_FLASH_Unlock), (8 bytes).
    Removing stm32f1xx_hal_flash.o(.text.HAL_FLASH_Lock), (20 bytes).
    Removing stm32f1xx_hal_flash.o(.ARM.exidx.text.HAL_FLASH_Lock), (8 bytes).
    Removing stm32f1xx_hal_flash.o(.text.HAL_FLASH_OB_Unlock), (42 bytes).
    Removing stm32f1xx_hal_flash.o(.ARM.exidx.text.HAL_FLASH_OB_Unlock), (8 bytes).
    Removing stm32f1xx_hal_flash.o(.text.HAL_FLASH_OB_Lock), (20 bytes).
    Removing stm32f1xx_hal_flash.o(.ARM.exidx.text.HAL_FLASH_OB_Lock), (8 bytes).
    Removing stm32f1xx_hal_flash.o(.text.HAL_FLASH_OB_Launch), (4 bytes).
    Removing stm32f1xx_hal_flash.o(.ARM.exidx.text.HAL_FLASH_OB_Launch), (8 bytes).
    Removing stm32f1xx_hal_flash.o(.text.HAL_FLASH_GetError), (12 bytes).
    Removing stm32f1xx_hal_flash.o(.ARM.exidx.text.HAL_FLASH_GetError), (8 bytes).
    Removing stm32f1xx_hal_flash.o(.bss.pFlash), (32 bytes).
    Removing stm32f1xx_hal_flash_ex.o(.text), (0 bytes).
    Removing stm32f1xx_hal_flash_ex.o(.text.HAL_FLASHEx_Erase), (238 bytes).
    Removing stm32f1xx_hal_flash_ex.o(.ARM.exidx.text.HAL_FLASHEx_Erase), (8 bytes).
    Removing stm32f1xx_hal_flash_ex.o(.text.FLASH_PageErase), (40 bytes).
    Removing stm32f1xx_hal_flash_ex.o(.ARM.exidx.text.FLASH_PageErase), (8 bytes).
    Removing stm32f1xx_hal_flash_ex.o(.text.HAL_FLASHEx_Erase_IT), (110 bytes).
    Removing stm32f1xx_hal_flash_ex.o(.ARM.exidx.text.HAL_FLASHEx_Erase_IT), (8 bytes).
    Removing stm32f1xx_hal_flash_ex.o(.text.HAL_FLASHEx_OBErase), (172 bytes).
    Removing stm32f1xx_hal_flash_ex.o(.ARM.exidx.text.HAL_FLASHEx_OBErase), (8 bytes).
    Removing stm32f1xx_hal_flash_ex.o(.text.HAL_FLASHEx_OBProgram), (698 bytes).
    Removing stm32f1xx_hal_flash_ex.o(.ARM.exidx.text.HAL_FLASHEx_OBProgram), (8 bytes).
    Removing stm32f1xx_hal_flash_ex.o(.text.HAL_FLASHEx_OBGetConfig), (42 bytes).
    Removing stm32f1xx_hal_flash_ex.o(.ARM.exidx.text.HAL_FLASHEx_OBGetConfig), (8 bytes).
    Removing stm32f1xx_hal_flash_ex.o(.text.HAL_FLASHEx_OBGetUserData), (34 bytes).
    Removing stm32f1xx_hal_flash_ex.o(.ARM.exidx.text.HAL_FLASHEx_OBGetUserData), (8 bytes).
    Removing stm32f1xx_hal_exti.o(.text), (0 bytes).
    Removing stm32f1xx_hal_exti.o(.text.HAL_EXTI_SetConfigLine), (180 bytes).
    Removing stm32f1xx_hal_exti.o(.ARM.exidx.text.HAL_EXTI_SetConfigLine), (8 bytes).
    Removing stm32f1xx_hal_exti.o(.text.HAL_EXTI_GetConfigLine), (148 bytes).
    Removing stm32f1xx_hal_exti.o(.ARM.exidx.text.HAL_EXTI_GetConfigLine), (8 bytes).
    Removing stm32f1xx_hal_exti.o(.text.HAL_EXTI_ClearConfigLine), (140 bytes).
    Removing stm32f1xx_hal_exti.o(.ARM.exidx.text.HAL_EXTI_ClearConfigLine), (8 bytes).
    Removing stm32f1xx_hal_exti.o(.text.HAL_EXTI_RegisterCallback), (12 bytes).
    Removing stm32f1xx_hal_exti.o(.ARM.exidx.text.HAL_EXTI_RegisterCallback), (8 bytes).
    Removing stm32f1xx_hal_exti.o(.text.HAL_EXTI_GetHandle), (12 bytes).
    Removing stm32f1xx_hal_exti.o(.ARM.exidx.text.HAL_EXTI_GetHandle), (8 bytes).
    Removing stm32f1xx_hal_exti.o(.text.HAL_EXTI_IRQHandler), (42 bytes).
    Removing stm32f1xx_hal_exti.o(.ARM.exidx.text.HAL_EXTI_IRQHandler), (8 bytes).
    Removing stm32f1xx_hal_exti.o(.text.HAL_EXTI_GetPending), (28 bytes).
    Removing stm32f1xx_hal_exti.o(.ARM.exidx.text.HAL_EXTI_GetPending), (8 bytes).
    Removing stm32f1xx_hal_exti.o(.text.HAL_EXTI_ClearPending), (24 bytes).
    Removing stm32f1xx_hal_exti.o(.ARM.exidx.text.HAL_EXTI_ClearPending), (8 bytes).
    Removing stm32f1xx_hal_exti.o(.text.HAL_EXTI_GenerateSWI), (24 bytes).
    Removing stm32f1xx_hal_exti.o(.ARM.exidx.text.HAL_EXTI_GenerateSWI), (8 bytes).
    Removing stm32f1xx_hal_tim.o(.text), (0 bytes).
    Removing stm32f1xx_hal_tim_ex.o(.text), (0 bytes).
    Removing stm32f1xx_hal_uart.o(.text), (0 bytes).
    Removing stm32f1xx_hal_uart.o(.ARM.exidx.text.HAL_UART_Init), (8 bytes).
    Removing stm32f1xx_hal_uart.o(.text.HAL_UART_MspInit), (2 bytes).
    Removing stm32f1xx_hal_uart.o(.ARM.exidx.text.HAL_UART_MspInit), (8 bytes).
    Removing stm32f1xx_hal_uart.o(.text.HAL_HalfDuplex_Init), (234 bytes).
    Removing stm32f1xx_hal_uart.o(.ARM.exidx.text.HAL_HalfDuplex_Init), (8 bytes).
    Removing stm32f1xx_hal_uart.o(.text.HAL_LIN_Init), (248 bytes).
    Removing stm32f1xx_hal_uart.o(.ARM.exidx.text.HAL_LIN_Init), (8 bytes).
    Removing stm32f1xx_hal_uart.o(.text.HAL_MultiProcessor_Init), (260 bytes).
    Removing stm32f1xx_hal_uart.o(.ARM.exidx.text.HAL_MultiProcessor_Init), (8 bytes).
    Removing stm32f1xx_hal_uart.o(.text.HAL_UART_DeInit), (56 bytes).
    Removing stm32f1xx_hal_uart.o(.ARM.exidx.text.HAL_UART_DeInit), (8 bytes).
    Removing stm32f1xx_hal_uart.o(.text.HAL_UART_MspDeInit), (2 bytes).
    Removing stm32f1xx_hal_uart.o(.ARM.exidx.text.HAL_UART_MspDeInit), (8 bytes).
    Removing stm32f1xx_hal_uart.o(.ARM.exidx.text.HAL_UART_Transmit), (8 bytes).
    Removing stm32f1xx_hal_uart.o(.text.HAL_UART_Receive), (432 bytes).
    Removing stm32f1xx_hal_uart.o(.ARM.exidx.text.HAL_UART_Receive), (8 bytes).
    Removing stm32f1xx_hal_uart.o(.text.HAL_UART_Transmit_IT), (56 bytes).
    Removing stm32f1xx_hal_uart.o(.ARM.exidx.text.HAL_UART_Transmit_IT), (8 bytes).
    Removing stm32f1xx_hal_uart.o(.text.HAL_UART_Receive_IT), (84 bytes).
    Removing stm32f1xx_hal_uart.o(.ARM.exidx.text.HAL_UART_Receive_IT), (8 bytes).
    Removing stm32f1xx_hal_uart.o(.text.UART_Start_Receive_IT), (50 bytes).
    Removing stm32f1xx_hal_uart.o(.ARM.exidx.text.UART_Start_Receive_IT), (8 bytes).
    Removing stm32f1xx_hal_uart.o(.text.HAL_UART_Transmit_DMA), (182 bytes).
    Removing stm32f1xx_hal_uart.o(.ARM.exidx.text.HAL_UART_Transmit_DMA), (8 bytes).
    Removing stm32f1xx_hal_uart.o(.text.UART_DMATransmitCplt), (176 bytes).
    Removing stm32f1xx_hal_uart.o(.ARM.exidx.text.UART_DMATransmitCplt), (8 bytes).
    Removing stm32f1xx_hal_uart.o(.text.UART_DMATxHalfCplt), (6 bytes).
    Removing stm32f1xx_hal_uart.o(.ARM.exidx.text.UART_DMATxHalfCplt), (8 bytes).
    Removing stm32f1xx_hal_uart.o(.text.UART_DMAError), (380 bytes).
    Removing stm32f1xx_hal_uart.o(.ARM.exidx.text.UART_DMAError), (8 bytes).
    Removing stm32f1xx_hal_uart.o(.text.HAL_UART_Receive_DMA), (352 bytes).
    Removing stm32f1xx_hal_uart.o(.ARM.exidx.text.HAL_UART_Receive_DMA), (8 bytes).
    Removing stm32f1xx_hal_uart.o(.text.UART_Start_Receive_DMA), (316 bytes).
    Removing stm32f1xx_hal_uart.o(.ARM.exidx.text.UART_Start_Receive_DMA), (8 bytes).
    Removing stm32f1xx_hal_uart.o(.text.HAL_UART_DMAPause), (342 bytes).
    Removing stm32f1xx_hal_uart.o(.ARM.exidx.text.HAL_UART_DMAPause), (8 bytes).
    Removing stm32f1xx_hal_uart.o(.text.HAL_UART_DMAResume), (348 bytes).
    Removing stm32f1xx_hal_uart.o(.ARM.exidx.text.HAL_UART_DMAResume), (8 bytes).
    Removing stm32f1xx_hal_uart.o(.text.HAL_UART_DMAStop), (540 bytes).
    Removing stm32f1xx_hal_uart.o(.ARM.exidx.text.HAL_UART_DMAStop), (8 bytes).
    Removing stm32f1xx_hal_uart.o(.text.HAL_UARTEx_ReceiveToIdle), (466 bytes).
    Removing stm32f1xx_hal_uart.o(.ARM.exidx.text.HAL_UARTEx_ReceiveToIdle), (8 bytes).
    Removing stm32f1xx_hal_uart.o(.text.HAL_UARTEx_ReceiveToIdle_IT), (200 bytes).
    Removing stm32f1xx_hal_uart.o(.ARM.exidx.text.HAL_UARTEx_ReceiveToIdle_IT), (8 bytes).
    Removing stm32f1xx_hal_uart.o(.text.HAL_UARTEx_ReceiveToIdle_DMA), (458 bytes).
    Removing stm32f1xx_hal_uart.o(.ARM.exidx.text.HAL_UARTEx_ReceiveToIdle_DMA), (8 bytes).
    Removing stm32f1xx_hal_uart.o(.text.HAL_UARTEx_GetRxEventType), (4 bytes).
    Removing stm32f1xx_hal_uart.o(.ARM.exidx.text.HAL_UARTEx_GetRxEventType), (8 bytes).
    Removing stm32f1xx_hal_uart.o(.text.HAL_UART_Abort), (482 bytes).
    Removing stm32f1xx_hal_uart.o(.ARM.exidx.text.HAL_UART_Abort), (8 bytes).
    Removing stm32f1xx_hal_uart.o(.text.HAL_UART_AbortTransmit), (208 bytes).
    Removing stm32f1xx_hal_uart.o(.ARM.exidx.text.HAL_UART_AbortTransmit), (8 bytes).
    Removing stm32f1xx_hal_uart.o(.text.HAL_UART_AbortReceive), (366 bytes).
    Removing stm32f1xx_hal_uart.o(.ARM.exidx.text.HAL_UART_AbortReceive), (8 bytes).
    Removing stm32f1xx_hal_uart.o(.text.HAL_UART_Abort_IT), (516 bytes).
    Removing stm32f1xx_hal_uart.o(.ARM.exidx.text.HAL_UART_Abort_IT), (8 bytes).
    Removing stm32f1xx_hal_uart.o(.text.UART_DMATxAbortCallback), (42 bytes).
    Removing stm32f1xx_hal_uart.o(.ARM.exidx.text.UART_DMATxAbortCallback), (8 bytes).
    Removing stm32f1xx_hal_uart.o(.text.UART_DMARxAbortCallback), (42 bytes).
    Removing stm32f1xx_hal_uart.o(.ARM.exidx.text.UART_DMARxAbortCallback), (8 bytes).
    Removing stm32f1xx_hal_uart.o(.text.HAL_UART_AbortCpltCallback), (2 bytes).
    Removing stm32f1xx_hal_uart.o(.ARM.exidx.text.HAL_UART_AbortCpltCallback), (8 bytes).
    Removing stm32f1xx_hal_uart.o(.text.HAL_UART_AbortTransmit_IT), (212 bytes).
    Removing stm32f1xx_hal_uart.o(.ARM.exidx.text.HAL_UART_AbortTransmit_IT), (8 bytes).
    Removing stm32f1xx_hal_uart.o(.text.UART_DMATxOnlyAbortCallback), (16 bytes).
    Removing stm32f1xx_hal_uart.o(.ARM.exidx.text.UART_DMATxOnlyAbortCallback), (8 bytes).
    Removing stm32f1xx_hal_uart.o(.text.HAL_UART_AbortTransmitCpltCallback), (2 bytes).
    Removing stm32f1xx_hal_uart.o(.ARM.exidx.text.HAL_UART_AbortTransmitCpltCallback), (8 bytes).
    Removing stm32f1xx_hal_uart.o(.text.HAL_UART_AbortReceive_IT), (370 bytes).
    Removing stm32f1xx_hal_uart.o(.ARM.exidx.text.HAL_UART_AbortReceive_IT), (8 bytes).
    Removing stm32f1xx_hal_uart.o(.text.UART_DMARxOnlyAbortCallback), (18 bytes).
    Removing stm32f1xx_hal_uart.o(.ARM.exidx.text.UART_DMARxOnlyAbortCallback), (8 bytes).
    Removing stm32f1xx_hal_uart.o(.text.HAL_UART_AbortReceiveCpltCallback), (2 bytes).
    Removing stm32f1xx_hal_uart.o(.ARM.exidx.text.HAL_UART_AbortReceiveCpltCallback), (8 bytes).
    Removing stm32f1xx_hal_uart.o(.text.HAL_UART_IRQHandler), (1392 bytes).
    Removing stm32f1xx_hal_uart.o(.ARM.exidx.text.HAL_UART_IRQHandler), (8 bytes).
    Removing stm32f1xx_hal_uart.o(.text.UART_Receive_IT), (254 bytes).
    Removing stm32f1xx_hal_uart.o(.ARM.exidx.text.UART_Receive_IT), (8 bytes).
    Removing stm32f1xx_hal_uart.o(.text.UART_DMAAbortOnError), (12 bytes).
    Removing stm32f1xx_hal_uart.o(.ARM.exidx.text.UART_DMAAbortOnError), (8 bytes).
    Removing stm32f1xx_hal_uart.o(.text.HAL_UART_ErrorCallback), (2 bytes).
    Removing stm32f1xx_hal_uart.o(.ARM.exidx.text.HAL_UART_ErrorCallback), (8 bytes).
    Removing stm32f1xx_hal_uart.o(.text.HAL_UARTEx_RxEventCallback), (2 bytes).
    Removing stm32f1xx_hal_uart.o(.ARM.exidx.text.HAL_UARTEx_RxEventCallback), (8 bytes).
    Removing stm32f1xx_hal_uart.o(.text.HAL_UART_TxCpltCallback), (2 bytes).
    Removing stm32f1xx_hal_uart.o(.ARM.exidx.text.HAL_UART_TxCpltCallback), (8 bytes).
    Removing stm32f1xx_hal_uart.o(.text.HAL_UART_TxHalfCpltCallback), (2 bytes).
    Removing stm32f1xx_hal_uart.o(.ARM.exidx.text.HAL_UART_TxHalfCpltCallback), (8 bytes).
    Removing stm32f1xx_hal_uart.o(.text.HAL_UART_RxCpltCallback), (2 bytes).
    Removing stm32f1xx_hal_uart.o(.ARM.exidx.text.HAL_UART_RxCpltCallback), (8 bytes).
    Removing stm32f1xx_hal_uart.o(.text.HAL_UART_RxHalfCpltCallback), (2 bytes).
    Removing stm32f1xx_hal_uart.o(.ARM.exidx.text.HAL_UART_RxHalfCpltCallback), (8 bytes).
    Removing stm32f1xx_hal_uart.o(.text.HAL_LIN_SendBreak), (114 bytes).
    Removing stm32f1xx_hal_uart.o(.ARM.exidx.text.HAL_LIN_SendBreak), (8 bytes).
    Removing stm32f1xx_hal_uart.o(.text.HAL_MultiProcessor_EnterMuteMode), (116 bytes).
    Removing stm32f1xx_hal_uart.o(.ARM.exidx.text.HAL_MultiProcessor_EnterMuteMode), (8 bytes).
    Removing stm32f1xx_hal_uart.o(.text.HAL_MultiProcessor_ExitMuteMode), (116 bytes).
    Removing stm32f1xx_hal_uart.o(.ARM.exidx.text.HAL_MultiProcessor_ExitMuteMode), (8 bytes).
    Removing stm32f1xx_hal_uart.o(.text.HAL_HalfDuplex_EnableTransmitter), (44 bytes).
    Removing stm32f1xx_hal_uart.o(.ARM.exidx.text.HAL_HalfDuplex_EnableTransmitter), (8 bytes).
    Removing stm32f1xx_hal_uart.o(.text.HAL_HalfDuplex_EnableReceiver), (46 bytes).
    Removing stm32f1xx_hal_uart.o(.ARM.exidx.text.HAL_HalfDuplex_EnableReceiver), (8 bytes).
    Removing stm32f1xx_hal_uart.o(.text.HAL_UART_GetState), (14 bytes).
    Removing stm32f1xx_hal_uart.o(.ARM.exidx.text.HAL_UART_GetState), (8 bytes).
    Removing stm32f1xx_hal_uart.o(.text.HAL_UART_GetError), (4 bytes).
    Removing stm32f1xx_hal_uart.o(.ARM.exidx.text.HAL_UART_GetError), (8 bytes).
    Removing stm32f1xx_hal_uart.o(.text.UART_DMAReceiveCplt), (350 bytes).
    Removing stm32f1xx_hal_uart.o(.ARM.exidx.text.UART_DMAReceiveCplt), (8 bytes).
    Removing stm32f1xx_hal_uart.o(.text.UART_DMARxHalfCplt), (24 bytes).
    Removing stm32f1xx_hal_uart.o(.ARM.exidx.text.UART_DMARxHalfCplt), (8 bytes).
    Removing system_stm32f1xx.o(.text), (0 bytes).
    Removing system_stm32f1xx.o(.ARM.exidx.text.SystemInit), (8 bytes).
    Removing system_stm32f1xx.o(.text.SystemCoreClockUpdate), (92 bytes).
    Removing system_stm32f1xx.o(.ARM.exidx.text.SystemCoreClockUpdate), (8 bytes).
    Removing fcmple.o(.text), (28 bytes).
    Removing fcmplt.o(.text), (28 bytes).
    Removing fcmpgt.o(.text), (28 bytes).
    Removing fcmpeq.o(.text), (28 bytes).
    Removing dflti.o(.text), (34 bytes).
    Removing dfixul.o(.text), (48 bytes).
    Removing cdrcmple.o(.text), (48 bytes).

694 unused section(s) (total 45914 bytes) removed from the image.

==============================================================================

Image Symbol Table

    Local Symbols

    Symbol Name                              Value     Ov Type        Size  Object(Section)

    ../clib/division.s                       0x00000000   Number         0  aeabi_sdiv.o ABSOLUTE
    ../clib/microlib/division.c              0x00000000   Number         0  ldiv.o ABSOLUTE
    ../clib/microlib/division.c              0x00000000   Number         0  uidiv.o ABSOLUTE
    ../clib/microlib/division.c              0x00000000   Number         0  uldiv.o ABSOLUTE
    ../clib/microlib/errno.c                 0x00000000   Number         0  errno.o ABSOLUTE
    ../clib/microlib/init/entry.s            0x00000000   Number         0  entry.o ABSOLUTE
    ../clib/microlib/init/entry.s            0x00000000   Number         0  entry2.o ABSOLUTE
    ../clib/microlib/init/entry.s            0x00000000   Number         0  entry5.o ABSOLUTE
    ../clib/microlib/init/entry.s            0x00000000   Number         0  entry7a.o ABSOLUTE
    ../clib/microlib/init/entry.s            0x00000000   Number         0  entry7b.o ABSOLUTE
    ../clib/microlib/init/entry.s            0x00000000   Number         0  entry8a.o ABSOLUTE
    ../clib/microlib/init/entry.s            0x00000000   Number         0  entry8b.o ABSOLUTE
    ../clib/microlib/init/entry.s            0x00000000   Number         0  entry9a.o ABSOLUTE
    ../clib/microlib/init/entry.s            0x00000000   Number         0  entry9b.o ABSOLUTE
    ../clib/microlib/init/entry.s            0x00000000   Number         0  entry10a.o ABSOLUTE
    ../clib/microlib/init/entry.s            0x00000000   Number         0  entry10b.o ABSOLUTE
    ../clib/microlib/init/entry.s            0x00000000   Number         0  entry11a.o ABSOLUTE
    ../clib/microlib/init/entry.s            0x00000000   Number         0  entry11b.o ABSOLUTE
    ../clib/microlib/longlong.c              0x00000000   Number         0  llshl.o ABSOLUTE
    ../clib/microlib/longlong.c              0x00000000   Number         0  llushr.o ABSOLUTE
    ../clib/microlib/longlong.c              0x00000000   Number         0  llsshr.o ABSOLUTE
    ../clib/microlib/printf/printf.c         0x00000000   Number         0  printfb.o ABSOLUTE
    ../clib/microlib/printf/printf.c         0x00000000   Number         0  printf0.o ABSOLUTE
    ../clib/microlib/printf/printf.c         0x00000000   Number         0  printf1.o ABSOLUTE
    ../clib/microlib/printf/printf.c         0x00000000   Number         0  printf2.o ABSOLUTE
    ../clib/microlib/printf/printf.c         0x00000000   Number         0  printf3.o ABSOLUTE
    ../clib/microlib/printf/printf.c         0x00000000   Number         0  printf4.o ABSOLUTE
    ../clib/microlib/printf/printf.c         0x00000000   Number         0  printf5.o ABSOLUTE
    ../clib/microlib/printf/printf.c         0x00000000   Number         0  printf6.o ABSOLUTE
    ../clib/microlib/printf/printf.c         0x00000000   Number         0  printf7.o ABSOLUTE
    ../clib/microlib/printf/printf.c         0x00000000   Number         0  printf8.o ABSOLUTE
    ../clib/microlib/printf/printf.c         0x00000000   Number         0  printfa.o ABSOLUTE
    ../clib/microlib/printf/stubs.s          0x00000000   Number         0  printfstubs.o ABSOLUTE
    ../clib/microlib/stdio/puts.c            0x00000000   Number         0  puts.o ABSOLUTE
    ../clib/microlib/stdio/puts.c            0x00000000   Number         0  puts_e.o ABSOLUTE
    ../clib/microlib/stdio/streams.c         0x00000000   Number         0  stdout.o ABSOLUTE
    ../clib/microlib/string/memcmp.c         0x00000000   Number         0  memcmp.o ABSOLUTE
    ../clib/microlib/stubs.s                 0x00000000   Number         0  iusefp.o ABSOLUTE
    ../fplib/microlib/d2f.c                  0x00000000   Number         0  d2f.o ABSOLUTE
    ../fplib/microlib/f2d.c                  0x00000000   Number         0  f2d.o ABSOLUTE
    ../fplib/microlib/fpadd.c                0x00000000   Number         0  fadd.o ABSOLUTE
    ../fplib/microlib/fpadd.c                0x00000000   Number         0  dadd.o ABSOLUTE
    ../fplib/microlib/fpcmp.c                0x00000000   Number         0  fcmple.o ABSOLUTE
    ../fplib/microlib/fpcmp.c                0x00000000   Number         0  fcmplt.o ABSOLUTE
    ../fplib/microlib/fpcmp.c                0x00000000   Number         0  fcmpgt.o ABSOLUTE
    ../fplib/microlib/fpcmp.c                0x00000000   Number         0  fcmpeq.o ABSOLUTE
    ../fplib/microlib/fpdiv.c                0x00000000   Number         0  fdiv.o ABSOLUTE
    ../fplib/microlib/fpdiv.c                0x00000000   Number         0  ddiv.o ABSOLUTE
    ../fplib/microlib/fpepilogue.c           0x00000000   Number         0  fepilogue.o ABSOLUTE
    ../fplib/microlib/fpepilogue.c           0x00000000   Number         0  depilogue.o ABSOLUTE
    ../fplib/microlib/fpfix.c                0x00000000   Number         0  ffixi.o ABSOLUTE
    ../fplib/microlib/fpfix.c                0x00000000   Number         0  dfixul.o ABSOLUTE
    ../fplib/microlib/fpflt.c                0x00000000   Number         0  fflti.o ABSOLUTE
    ../fplib/microlib/fpflt.c                0x00000000   Number         0  ffltui.o ABSOLUTE
    ../fplib/microlib/fpflt.c                0x00000000   Number         0  dflti.o ABSOLUTE
    ../fplib/microlib/fpmul.c                0x00000000   Number         0  fmul.o ABSOLUTE
    ../fplib/microlib/fpmul.c                0x00000000   Number         0  dmul.o ABSOLUTE
    ../fplib/microlib/fpscalb.c              0x00000000   Number         0  dscalb.o ABSOLUTE
    ../fplib/microlib/fpsqrt.c               0x00000000   Number         0  dsqrt.o ABSOLUTE
    ../mathlib/asin.c                        0x00000000   Number         0  asin.o ABSOLUTE
    ../mathlib/atan.c                        0x00000000   Number         0  atan.o ABSOLUTE
    ../mathlib/atan2.c                       0x00000000   Number         0  atan2.o ABSOLUTE
    ../mathlib/dunder.c                      0x00000000   Number         0  dunder.o ABSOLUTE
    ../mathlib/fpclassify.c                  0x00000000   Number         0  fpclassify.o ABSOLUTE
    ../mathlib/poly.c                        0x00000000   Number         0  poly.o ABSOLUTE
    ../mathlib/qnan.c                        0x00000000   Number         0  qnan.o ABSOLUTE
    ../mathlib/sqrt.c                        0x00000000   Number         0  sqrt.o ABSOLUTE
    MPU6050.c                                0x00000000   Number         0  mpu6050.o ABSOLUTE
    cdcmple.s                                0x00000000   Number         0  cdcmple.o ABSOLUTE
    cdrcmple.s                               0x00000000   Number         0  cdrcmple.o ABSOLUTE
    dc.s                                     0x00000000   Number         0  dc.o ABSOLUTE
    gpio.c                                   0x00000000   Number         0  gpio.o ABSOLUTE
    handlers.s                               0x00000000   Number         0  handlers.o ABSOLUTE
    i2c.c                                    0x00000000   Number         0  i2c.o ABSOLUTE
    init.s                                   0x00000000   Number         0  init.o ABSOLUTE
    inv_mpu.c                                0x00000000   Number         0  inv_mpu.o ABSOLUTE
    inv_mpu_dmp_motion_driver.c              0x00000000   Number         0  inv_mpu_dmp_motion_driver.o ABSOLUTE
    main.c                                   0x00000000   Number         0  main.o ABSOLUTE
    startup_stm32f103xb.s                    0x00000000   Number         0  startup_stm32f103xb.o ABSOLUTE
    stm32f1xx_hal.c                          0x00000000   Number         0  stm32f1xx_hal.o ABSOLUTE
    stm32f1xx_hal_cortex.c                   0x00000000   Number         0  stm32f1xx_hal_cortex.o ABSOLUTE
    stm32f1xx_hal_dma.c                      0x00000000   Number         0  stm32f1xx_hal_dma.o ABSOLUTE
    stm32f1xx_hal_exti.c                     0x00000000   Number         0  stm32f1xx_hal_exti.o ABSOLUTE
    stm32f1xx_hal_flash.c                    0x00000000   Number         0  stm32f1xx_hal_flash.o ABSOLUTE
    stm32f1xx_hal_flash_ex.c                 0x00000000   Number         0  stm32f1xx_hal_flash_ex.o ABSOLUTE
    stm32f1xx_hal_gpio.c                     0x00000000   Number         0  stm32f1xx_hal_gpio.o ABSOLUTE
    stm32f1xx_hal_gpio_ex.c                  0x00000000   Number         0  stm32f1xx_hal_gpio_ex.o ABSOLUTE
    stm32f1xx_hal_i2c.c                      0x00000000   Number         0  stm32f1xx_hal_i2c.o ABSOLUTE
    stm32f1xx_hal_msp.c                      0x00000000   Number         0  stm32f1xx_hal_msp.o ABSOLUTE
    stm32f1xx_hal_pwr.c                      0x00000000   Number         0  stm32f1xx_hal_pwr.o ABSOLUTE
    stm32f1xx_hal_rcc.c                      0x00000000   Number         0  stm32f1xx_hal_rcc.o ABSOLUTE
    stm32f1xx_hal_rcc_ex.c                   0x00000000   Number         0  stm32f1xx_hal_rcc_ex.o ABSOLUTE
    stm32f1xx_hal_tim.c                      0x00000000   Number         0  stm32f1xx_hal_tim.o ABSOLUTE
    stm32f1xx_hal_tim_ex.c                   0x00000000   Number         0  stm32f1xx_hal_tim_ex.o ABSOLUTE
    stm32f1xx_hal_uart.c                     0x00000000   Number         0  stm32f1xx_hal_uart.o ABSOLUTE
    stm32f1xx_it.c                           0x00000000   Number         0  stm32f1xx_it.o ABSOLUTE
    system_stm32f1xx.c                       0x00000000   Number         0  system_stm32f1xx.o ABSOLUTE
    usart.c                                  0x00000000   Number         0  usart.o ABSOLUTE
    RESET                                    0x08000000   Section      236  startup_stm32f103xb.o(RESET)
    .ARM.Collect$$$$00000000                 0x080000ec   Section        0  entry.o(.ARM.Collect$$$$00000000)
    .ARM.Collect$$$$00000001                 0x080000ec   Section        4  entry2.o(.ARM.Collect$$$$00000001)
    .ARM.Collect$$$$00000004                 0x080000f0   Section        4  entry5.o(.ARM.Collect$$$$00000004)
    .ARM.Collect$$$$00000008                 0x080000f4   Section        0  entry7b.o(.ARM.Collect$$$$00000008)
    .ARM.Collect$$$$0000000A                 0x080000f4   Section        0  entry8b.o(.ARM.Collect$$$$0000000A)
    .ARM.Collect$$$$0000000B                 0x080000f4   Section        8  entry9a.o(.ARM.Collect$$$$0000000B)
    __lit__00000000                          0x080000fc   Data           4  entry2.o(.ARM.Collect$$$$00002712)
    .ARM.Collect$$$$0000000D                 0x080000fc   Section        0  entry10a.o(.ARM.Collect$$$$0000000D)
    .ARM.Collect$$$$0000000F                 0x080000fc   Section        0  entry11a.o(.ARM.Collect$$$$0000000F)
    .ARM.Collect$$$$00002712                 0x080000fc   Section        4  entry2.o(.ARM.Collect$$$$00002712)
    .text                                    0x08000100   Section       36  startup_stm32f103xb.o(.text)
    .text                                    0x08000124   Section        0  memcmp.o(.text)
    .text                                    0x0800013e   Section        0  fadd.o(.text)
    .text                                    0x080001ee   Section        0  fmul.o(.text)
    .text                                    0x08000252   Section        0  fdiv.o(.text)
    .text                                    0x080002ce   Section        0  dmul.o(.text)
    .text                                    0x080003b2   Section        0  ddiv.o(.text)
    .text                                    0x08000490   Section        0  fflti.o(.text)
    .text                                    0x080004a2   Section        0  ffltui.o(.text)
    .text                                    0x080004ac   Section        0  ffixi.o(.text)
    .text                                    0x080004de   Section        0  f2d.o(.text)
    .text                                    0x08000504   Section        0  d2f.o(.text)
    .text                                    0x0800053c   Section        0  uidiv.o(.text)
    .text                                    0x08000568   Section        0  iusefp.o(.text)
    .text                                    0x08000568   Section        0  fepilogue.o(.text)
    .text                                    0x080005d6   Section        0  depilogue.o(.text)
    .text                                    0x08000690   Section        0  dadd.o(.text)
    .text                                    0x080007de   Section        0  dscalb.o(.text)
    .text                                    0x0800080c   Section       48  cdcmple.o(.text)
    .text                                    0x0800083c   Section       48  init.o(.text)
    .text                                    0x0800086c   Section        0  llshl.o(.text)
    .text                                    0x0800088a   Section        0  llushr.o(.text)
    .text                                    0x080008aa   Section        0  llsshr.o(.text)
    .text                                    0x080008ce   Section        0  dsqrt.o(.text)
    [Anonymous Symbol]                       0x08000970   Section        0  stm32f1xx_it.o(.text.BusFault_Handler)
    [Anonymous Symbol]                       0x08000974   Section        0  stm32f1xx_it.o(.text.DebugMon_Handler)
    [Anonymous Symbol]                       0x08000978   Section        0  main.o(.text.Error_Handler)
    [Anonymous Symbol]                       0x08000984   Section        0  stm32f1xx_hal.o(.text.HAL_Delay)
    [Anonymous Symbol]                       0x080009ac   Section        0  stm32f1xx_hal_gpio.o(.text.HAL_GPIO_Init)
    [Anonymous Symbol]                       0x08000bbc   Section        0  stm32f1xx_hal.o(.text.HAL_GetTick)
    [Anonymous Symbol]                       0x08000bc8   Section        0  stm32f1xx_hal_i2c.o(.text.HAL_I2C_Init)
    [Anonymous Symbol]                       0x08000d2c   Section        0  stm32f1xx_hal_i2c.o(.text.HAL_I2C_Mem_Read)
    [Anonymous Symbol]                       0x08001074   Section        0  stm32f1xx_hal_i2c.o(.text.HAL_I2C_Mem_Write)
    [Anonymous Symbol]                       0x080011d0   Section        0  i2c.o(.text.HAL_I2C_MspInit)
    [Anonymous Symbol]                       0x08001234   Section        0  stm32f1xx_hal.o(.text.HAL_IncTick)
    [Anonymous Symbol]                       0x08001250   Section        0  stm32f1xx_hal.o(.text.HAL_Init)
    [Anonymous Symbol]                       0x08001278   Section        0  stm32f1xx_hal.o(.text.HAL_InitTick)
    [Anonymous Symbol]                       0x080012c0   Section        0  stm32f1xx_hal_msp.o(.text.HAL_MspInit)
    [Anonymous Symbol]                       0x08001304   Section        0  stm32f1xx_hal_cortex.o(.text.HAL_NVIC_SetPriority)
    [Anonymous Symbol]                       0x0800135c   Section        0  stm32f1xx_hal_cortex.o(.text.HAL_NVIC_SetPriorityGrouping)
    [Anonymous Symbol]                       0x0800137c   Section        0  stm32f1xx_hal_rcc.o(.text.HAL_RCC_ClockConfig)
    [Anonymous Symbol]                       0x08001540   Section        0  stm32f1xx_hal_rcc.o(.text.HAL_RCC_GetPCLK1Freq)
    [Anonymous Symbol]                       0x08001568   Section        0  stm32f1xx_hal_rcc.o(.text.HAL_RCC_GetPCLK2Freq)
    [Anonymous Symbol]                       0x08001590   Section        0  stm32f1xx_hal_rcc.o(.text.HAL_RCC_OscConfig)
    [Anonymous Symbol]                       0x08001990   Section        0  stm32f1xx_hal_cortex.o(.text.HAL_SYSTICK_Config)
    [Anonymous Symbol]                       0x080019bc   Section        0  stm32f1xx_hal_uart.o(.text.HAL_UART_Init)
    [Anonymous Symbol]                       0x08001aa0   Section        0  usart.o(.text.HAL_UART_MspInit)
    [Anonymous Symbol]                       0x08001b1c   Section        0  stm32f1xx_hal_uart.o(.text.HAL_UART_Transmit)
    [Anonymous Symbol]                       0x08001d94   Section        0  stm32f1xx_it.o(.text.HardFault_Handler)
    I2C_RequestMemoryRead                    0x08001d99   Thumb Code   274  stm32f1xx_hal_i2c.o(.text.I2C_RequestMemoryRead)
    [Anonymous Symbol]                       0x08001d98   Section        0  stm32f1xx_hal_i2c.o(.text.I2C_RequestMemoryRead)
    I2C_RequestMemoryWrite                   0x08001ead   Thumb Code   200  stm32f1xx_hal_i2c.o(.text.I2C_RequestMemoryWrite)
    [Anonymous Symbol]                       0x08001eac   Section        0  stm32f1xx_hal_i2c.o(.text.I2C_RequestMemoryWrite)
    I2C_WaitOnBTFFlagUntilTimeout            0x08001f75   Thumb Code   186  stm32f1xx_hal_i2c.o(.text.I2C_WaitOnBTFFlagUntilTimeout)
    [Anonymous Symbol]                       0x08001f74   Section        0  stm32f1xx_hal_i2c.o(.text.I2C_WaitOnBTFFlagUntilTimeout)
    I2C_WaitOnFlagUntilTimeout               0x08002031   Thumb Code   458  stm32f1xx_hal_i2c.o(.text.I2C_WaitOnFlagUntilTimeout)
    [Anonymous Symbol]                       0x08002030   Section        0  stm32f1xx_hal_i2c.o(.text.I2C_WaitOnFlagUntilTimeout)
    I2C_WaitOnMasterAddressFlagUntilTimeout  0x080021fd   Thumb Code   214  stm32f1xx_hal_i2c.o(.text.I2C_WaitOnMasterAddressFlagUntilTimeout)
    [Anonymous Symbol]                       0x080021fc   Section        0  stm32f1xx_hal_i2c.o(.text.I2C_WaitOnMasterAddressFlagUntilTimeout)
    I2C_WaitOnRXNEFlagUntilTimeout           0x080022d5   Thumb Code   144  stm32f1xx_hal_i2c.o(.text.I2C_WaitOnRXNEFlagUntilTimeout)
    [Anonymous Symbol]                       0x080022d4   Section        0  stm32f1xx_hal_i2c.o(.text.I2C_WaitOnRXNEFlagUntilTimeout)
    I2C_WaitOnTXEFlagUntilTimeout            0x08002365   Thumb Code   186  stm32f1xx_hal_i2c.o(.text.I2C_WaitOnTXEFlagUntilTimeout)
    [Anonymous Symbol]                       0x08002364   Section        0  stm32f1xx_hal_i2c.o(.text.I2C_WaitOnTXEFlagUntilTimeout)
    [Anonymous Symbol]                       0x08002420   Section        0  mpu6050.o(.text.MPU6050_DMP_GetData)
    [Anonymous Symbol]                       0x080025f8   Section        0  mpu6050.o(.text.MPU6050_DMP_Init)
    [Anonymous Symbol]                       0x080026a0   Section        0  gpio.o(.text.MX_GPIO_Init)
    [Anonymous Symbol]                       0x080026e4   Section        0  i2c.o(.text.MX_I2C1_Init)
    [Anonymous Symbol]                       0x08002728   Section        0  usart.o(.text.MX_USART1_UART_Init)
    [Anonymous Symbol]                       0x08002764   Section        0  stm32f1xx_it.o(.text.MemManage_Handler)
    [Anonymous Symbol]                       0x08002768   Section        0  stm32f1xx_it.o(.text.NMI_Handler)
    [Anonymous Symbol]                       0x0800276c   Section        0  stm32f1xx_it.o(.text.PendSV_Handler)
    [Anonymous Symbol]                       0x08002770   Section        0  stm32f1xx_it.o(.text.SVC_Handler)
    [Anonymous Symbol]                       0x08002774   Section        0  stm32f1xx_it.o(.text.SysTick_Handler)
    [Anonymous Symbol]                       0x08002778   Section        0  system_stm32f1xx.o(.text.SystemInit)
    [Anonymous Symbol]                       0x0800277c   Section        0  stm32f1xx_it.o(.text.UsageFault_Handler)
    [Anonymous Symbol]                       0x08002780   Section        0  inv_mpu_dmp_motion_driver.o(.text.dmp_enable_feature)
    [Anonymous Symbol]                       0x08002a20   Section        0  inv_mpu_dmp_motion_driver.o(.text.dmp_load_motion_driver_firmware)
    [Anonymous Symbol]                       0x08002a38   Section        0  inv_mpu_dmp_motion_driver.o(.text.dmp_read_fifo)
    [Anonymous Symbol]                       0x08002c00   Section        0  inv_mpu_dmp_motion_driver.o(.text.dmp_set_fifo_rate)
    [Anonymous Symbol]                       0x08002c70   Section        0  inv_mpu_dmp_motion_driver.o(.text.dmp_set_orientation)
    [Anonymous Symbol]                       0x08002d58   Section        0  inv_mpu_dmp_motion_driver.o(.text.dmp_set_tap_thresh)
    [Anonymous Symbol]                       0x08002e84   Section        0  main.o(.text.fputc)
    [Anonymous Symbol]                       0x08002ea4   Section        0  mpu6050.o(.text.inv_orientation_matrix_to_scalar)
    [Anonymous Symbol]                       0x08002f80   Section        0  main.o(.text.main)
    [Anonymous Symbol]                       0x08003114   Section        0  inv_mpu.o(.text.mpu_configure_fifo)
    [Anonymous Symbol]                       0x080031e0   Section        0  inv_mpu.o(.text.mpu_get_accel_fsr)
    [Anonymous Symbol]                       0x08003218   Section        0  inv_mpu.o(.text.mpu_init)
    [Anonymous Symbol]                       0x080033ac   Section        0  inv_mpu.o(.text.mpu_load_firmware)
    [Anonymous Symbol]                       0x08003574   Section        0  inv_mpu.o(.text.mpu_lp_accel_mode)
    [Anonymous Symbol]                       0x08003810   Section        0  inv_mpu.o(.text.mpu_read_fifo_stream)
    [Anonymous Symbol]                       0x08003908   Section        0  inv_mpu.o(.text.mpu_reset_fifo)
    [Anonymous Symbol]                       0x08003b18   Section        0  inv_mpu.o(.text.mpu_set_bypass)
    [Anonymous Symbol]                       0x08003c50   Section        0  inv_mpu.o(.text.mpu_set_dmp_state)
    [Anonymous Symbol]                       0x08003d90   Section        0  inv_mpu.o(.text.mpu_set_lpf)
    [Anonymous Symbol]                       0x08003e44   Section        0  inv_mpu.o(.text.mpu_set_sample_rate)
    [Anonymous Symbol]                       0x08003f44   Section        0  inv_mpu.o(.text.mpu_set_sensors)
    [Anonymous Symbol]                       0x08004070   Section        0  inv_mpu.o(.text.mpu_write_mem)
    i.__0printf$1                            0x080040f8   Section        0  printf1.o(i.__0printf$1)
    i.__ARM_fpclassify                       0x08004118   Section        0  fpclassify.o(i.__ARM_fpclassify)
    i.__kernel_poly                          0x08004140   Section        0  poly.o(i.__kernel_poly)
    i.__mathlib_dbl_infnan                   0x080041ea   Section        0  dunder.o(i.__mathlib_dbl_infnan)
    i.__mathlib_dbl_infnan2                  0x080041f0   Section        0  dunder.o(i.__mathlib_dbl_infnan2)
    i.__mathlib_dbl_invalid                  0x080041f4   Section        0  dunder.o(i.__mathlib_dbl_invalid)
    i.__mathlib_dbl_underflow                0x08004200   Section        0  dunder.o(i.__mathlib_dbl_underflow)
    i.__scatterload_copy                     0x08004210   Section       14  handlers.o(i.__scatterload_copy)
    i.__scatterload_null                     0x0800421e   Section        2  handlers.o(i.__scatterload_null)
    i.__scatterload_zeroinit                 0x08004220   Section       14  handlers.o(i.__scatterload_zeroinit)
    i.__set_errno                            0x08004230   Section        0  errno.o(i.__set_errno)
    _printf_core                             0x0800423d   Thumb Code   336  printf1.o(i._printf_core)
    i._printf_core                           0x0800423c   Section        0  printf1.o(i._printf_core)
    i.asin                                   0x08004390   Section        0  asin.o(i.asin)
    i.atan                                   0x08004600   Section        0  atan.o(i.atan)
    i.atan2                                  0x08004820   Section        0  atan2.o(i.atan2)
    i.puts                                   0x080049bc   Section        0  puts.o(i.puts)
    i.sqrt                                   0x080049e0   Section        0  sqrt.o(i.sqrt)
    pS                                       0x08004a30   Data          48  asin.o(.constdata)
    .constdata                               0x08004a30   Section       80  asin.o(.constdata)
    qS                                       0x08004a60   Data          32  asin.o(.constdata)
    atanhi                                   0x08004a80   Data          32  atan.o(.constdata)
    .constdata                               0x08004a80   Section      152  atan.o(.constdata)
    atanlo                                   0x08004aa0   Data          32  atan.o(.constdata)
    aTodd                                    0x08004ac0   Data          40  atan.o(.constdata)
    aTeven                                   0x08004ae8   Data          48  atan.o(.constdata)
    .constdata                               0x08004b18   Section        8  qnan.o(.constdata)
    .L__const.dmp_set_orientation.accel_axes 0x08004b20   Data           3  inv_mpu_dmp_motion_driver.o(.rodata..L__const.dmp_set_orientation.accel_axes)
    .L__const.dmp_set_orientation.gyro_axes  0x08004b23   Data           3  inv_mpu_dmp_motion_driver.o(.rodata..L__const.dmp_set_orientation.gyro_axes)
    HAL_RCC_GetSysClockFreq.aPredivFactorTable 0x08004b3e   Data           2  stm32f1xx_hal_rcc.o(.rodata.HAL_RCC_GetSysClockFreq.aPredivFactorTable)
    [Anonymous Symbol]                       0x08004b3e   Section        0  stm32f1xx_hal_rcc.o(.rodata.HAL_RCC_GetSysClockFreq.aPredivFactorTable)
    HAL_RCC_GetSysClockFreq.aPLLMULFactorTable 0x08004b40   Data          16  stm32f1xx_hal_rcc.o(.rodata.cst16)
    [Anonymous Symbol]                       0x08004b40   Section        0  stm32f1xx_hal_rcc.o(.rodata.cst16)
    dmp_memory                               0x08004b50   Data        3062  inv_mpu_dmp_motion_driver.o(.rodata.dmp_memory)
    [Anonymous Symbol]                       0x08004b50   Section        0  inv_mpu_dmp_motion_driver.o(.rodata.dmp_memory)
    .data                                    0x20000000   Section        4  stdout.o(.data)
    _errno                                   0x20000004   Data           4  errno.o(.data)
    .data                                    0x20000004   Section        4  errno.o(.data)
    .L_MergedGlobals                         0x20000008   Data           8  stm32f1xx_hal.o(.data..L_MergedGlobals)
    [Anonymous Symbol]                       0x20000008   Section        0  stm32f1xx_hal.o(.data..L_MergedGlobals)
    gyro_pdata                               0x20000014   Data           9  mpu6050.o(.data.gyro_pdata)
    [Anonymous Symbol]                       0x20000014   Section        0  mpu6050.o(.data.gyro_pdata)
    st                                       0x20000020   Data          44  inv_mpu.o(.data.st)
    [Anonymous Symbol]                       0x20000020   Section        0  inv_mpu.o(.data.st)
    .L_MergedGlobals                         0x20000050   Data          16  inv_mpu_dmp_motion_driver.o(.bss..L_MergedGlobals)
    dmp.5                                    0x20000050   Data           1  inv_mpu_dmp_motion_driver.o(.bss..L_MergedGlobals)
    [Anonymous Symbol]                       0x20000050   Section        0  inv_mpu_dmp_motion_driver.o(.bss..L_MergedGlobals)
    dmp.3                                    0x20000054   Data           2  inv_mpu_dmp_motion_driver.o(.bss..L_MergedGlobals)
    dmp.0                                    0x20000058   Data           4  inv_mpu_dmp_motion_driver.o(.bss..L_MergedGlobals)
    dmp.1                                    0x2000005c   Data           4  inv_mpu_dmp_motion_driver.o(.bss..L_MergedGlobals)
    dmp.2                                    0x20000060   Data           2  inv_mpu_dmp_motion_driver.o(.bss.dmp.2)
    [Anonymous Symbol]                       0x20000060   Section        0  inv_mpu_dmp_motion_driver.o(.bss.dmp.2)
    dmp.4                                    0x20000064   Data           2  inv_mpu_dmp_motion_driver.o(.bss.dmp.4)
    [Anonymous Symbol]                       0x20000064   Section        0  inv_mpu_dmp_motion_driver.o(.bss.dmp.4)
    STACK                                    0x20000120   Section     1024  startup_stm32f103xb.o(STACK)

    Global Symbols

    Symbol Name                              Value     Ov Type        Size  Object(Section)

    BuildAttributes$$THM_ISAv4$P$D$K$B$S$PE$A:L22UL41UL21$X:L11$S22US41US21$IEEE1$IW$~IW$USESV6$~STKCKD$USESV7$~SHL$OTIME$ROPI$IEEEX$EBA8$MICROLIB$REQ8$PRES8$EABIv2 0x00000000   Number         0  anon$$obj.o ABSOLUTE
    _printf_a                                0x00000000   Number         0  printfstubs.o ABSOLUTE
    _printf_c                                0x00000000   Number         0  printfstubs.o ABSOLUTE
    _printf_charcount                        0x00000000   Number         0  printfstubs.o ABSOLUTE
    _printf_d                                0x00000000   Number         0  printfstubs.o ABSOLUTE
    _printf_e                                0x00000000   Number         0  printfstubs.o ABSOLUTE
    _printf_f                                0x00000000   Number         0  printfstubs.o ABSOLUTE
    _printf_flags                            0x00000000   Number         0  printfstubs.o ABSOLUTE
    _printf_fp_dec                           0x00000000   Number         0  printfstubs.o ABSOLUTE
    _printf_fp_hex                           0x00000000   Number         0  printfstubs.o ABSOLUTE
    _printf_g                                0x00000000   Number         0  printfstubs.o ABSOLUTE
    _printf_i                                0x00000000   Number         0  printfstubs.o ABSOLUTE
    _printf_int_dec                          0x00000000   Number         0  printfstubs.o ABSOLUTE
    _printf_l                                0x00000000   Number         0  printfstubs.o ABSOLUTE
    _printf_lc                               0x00000000   Number         0  printfstubs.o ABSOLUTE
    _printf_ll                               0x00000000   Number         0  printfstubs.o ABSOLUTE
    _printf_lld                              0x00000000   Number         0  printfstubs.o ABSOLUTE
    _printf_lli                              0x00000000   Number         0  printfstubs.o ABSOLUTE
    _printf_llo                              0x00000000   Number         0  printfstubs.o ABSOLUTE
    _printf_llu                              0x00000000   Number         0  printfstubs.o ABSOLUTE
    _printf_llx                              0x00000000   Number         0  printfstubs.o ABSOLUTE
    _printf_longlong_dec                     0x00000000   Number         0  printfstubs.o ABSOLUTE
    _printf_longlong_hex                     0x00000000   Number         0  printfstubs.o ABSOLUTE
    _printf_longlong_oct                     0x00000000   Number         0  printfstubs.o ABSOLUTE
    _printf_ls                               0x00000000   Number         0  printfstubs.o ABSOLUTE
    _printf_mbtowc                           0x00000000   Number         0  printfstubs.o ABSOLUTE
    _printf_n                                0x00000000   Number         0  printfstubs.o ABSOLUTE
    _printf_o                                0x00000000   Number         0  printfstubs.o ABSOLUTE
    _printf_p                                0x00000000   Number         0  printfstubs.o ABSOLUTE
    _printf_percent                          0x00000000   Number         0  printfstubs.o ABSOLUTE
    _printf_pre_padding                      0x00000000   Number         0  printfstubs.o ABSOLUTE
    _printf_return_value                     0x00000000   Number         0  printfstubs.o ABSOLUTE
    _printf_s                                0x00000000   Number         0  printfstubs.o ABSOLUTE
    _printf_sizespec                         0x00000000   Number         0  printfstubs.o ABSOLUTE
    _printf_str                              0x00000000   Number         0  printfstubs.o ABSOLUTE
    _printf_truncate_signed                  0x00000000   Number         0  printfstubs.o ABSOLUTE
    _printf_truncate_unsigned                0x00000000   Number         0  printfstubs.o ABSOLUTE
    _printf_u                                0x00000000   Number         0  printfstubs.o ABSOLUTE
    _printf_wc                               0x00000000   Number         0  printfstubs.o ABSOLUTE
    _printf_wctomb                           0x00000000   Number         0  printfstubs.o ABSOLUTE
    _printf_widthprec                        0x00000000   Number         0  printfstubs.o ABSOLUTE
    _printf_x                                0x00000000   Number         0  printfstubs.o ABSOLUTE
    __cpp_initialize__aeabi_                  - Undefined Weak Reference
    __cxa_finalize                            - Undefined Weak Reference
    __decompress                              - Undefined Weak Reference
    _clock_init                               - Undefined Weak Reference
    _microlib_exit                            - Undefined Weak Reference
    __Vectors_Size                           0x000000ec   Number         0  startup_stm32f103xb.o ABSOLUTE
    __Vectors                                0x08000000   Data           4  startup_stm32f103xb.o(RESET)
    __Vectors_End                            0x080000ec   Data           0  startup_stm32f103xb.o(RESET)
    __main                                   0x080000ed   Thumb Code     0  entry.o(.ARM.Collect$$$$00000000)
    _main_stk                                0x080000ed   Thumb Code     0  entry2.o(.ARM.Collect$$$$00000001)
    _main_scatterload                        0x080000f1   Thumb Code     0  entry5.o(.ARM.Collect$$$$00000004)
    __main_after_scatterload                 0x080000f5   Thumb Code     0  entry5.o(.ARM.Collect$$$$00000004)
    _main_clock                              0x080000f5   Thumb Code     0  entry7b.o(.ARM.Collect$$$$00000008)
    _main_cpp_init                           0x080000f5   Thumb Code     0  entry8b.o(.ARM.Collect$$$$0000000A)
    _main_init                               0x080000f5   Thumb Code     0  entry9a.o(.ARM.Collect$$$$0000000B)
    __rt_final_cpp                           0x080000fd   Thumb Code     0  entry10a.o(.ARM.Collect$$$$0000000D)
    __rt_final_exit                          0x080000fd   Thumb Code     0  entry11a.o(.ARM.Collect$$$$0000000F)
    Reset_Handler                            0x08000101   Thumb Code     8  startup_stm32f103xb.o(.text)
    ADC1_2_IRQHandler                        0x0800011b   Thumb Code     0  startup_stm32f103xb.o(.text)
    CAN1_RX1_IRQHandler                      0x0800011b   Thumb Code     0  startup_stm32f103xb.o(.text)
    CAN1_SCE_IRQHandler                      0x0800011b   Thumb Code     0  startup_stm32f103xb.o(.text)
    DMA1_Channel1_IRQHandler                 0x0800011b   Thumb Code     0  startup_stm32f103xb.o(.text)
    DMA1_Channel2_IRQHandler                 0x0800011b   Thumb Code     0  startup_stm32f103xb.o(.text)
    DMA1_Channel3_IRQHandler                 0x0800011b   Thumb Code     0  startup_stm32f103xb.o(.text)
    DMA1_Channel4_IRQHandler                 0x0800011b   Thumb Code     0  startup_stm32f103xb.o(.text)
    DMA1_Channel5_IRQHandler                 0x0800011b   Thumb Code     0  startup_stm32f103xb.o(.text)
    DMA1_Channel6_IRQHandler                 0x0800011b   Thumb Code     0  startup_stm32f103xb.o(.text)
    DMA1_Channel7_IRQHandler                 0x0800011b   Thumb Code     0  startup_stm32f103xb.o(.text)
    EXTI0_IRQHandler                         0x0800011b   Thumb Code     0  startup_stm32f103xb.o(.text)
    EXTI15_10_IRQHandler                     0x0800011b   Thumb Code     0  startup_stm32f103xb.o(.text)
    EXTI1_IRQHandler                         0x0800011b   Thumb Code     0  startup_stm32f103xb.o(.text)
    EXTI2_IRQHandler                         0x0800011b   Thumb Code     0  startup_stm32f103xb.o(.text)
    EXTI3_IRQHandler                         0x0800011b   Thumb Code     0  startup_stm32f103xb.o(.text)
    EXTI4_IRQHandler                         0x0800011b   Thumb Code     0  startup_stm32f103xb.o(.text)
    EXTI9_5_IRQHandler                       0x0800011b   Thumb Code     0  startup_stm32f103xb.o(.text)
    FLASH_IRQHandler                         0x0800011b   Thumb Code     0  startup_stm32f103xb.o(.text)
    I2C1_ER_IRQHandler                       0x0800011b   Thumb Code     0  startup_stm32f103xb.o(.text)
    I2C1_EV_IRQHandler                       0x0800011b   Thumb Code     0  startup_stm32f103xb.o(.text)
    I2C2_ER_IRQHandler                       0x0800011b   Thumb Code     0  startup_stm32f103xb.o(.text)
    I2C2_EV_IRQHandler                       0x0800011b   Thumb Code     0  startup_stm32f103xb.o(.text)
    PVD_IRQHandler                           0x0800011b   Thumb Code     0  startup_stm32f103xb.o(.text)
    RCC_IRQHandler                           0x0800011b   Thumb Code     0  startup_stm32f103xb.o(.text)
    RTC_Alarm_IRQHandler                     0x0800011b   Thumb Code     0  startup_stm32f103xb.o(.text)
    RTC_IRQHandler                           0x0800011b   Thumb Code     0  startup_stm32f103xb.o(.text)
    SPI1_IRQHandler                          0x0800011b   Thumb Code     0  startup_stm32f103xb.o(.text)
    SPI2_IRQHandler                          0x0800011b   Thumb Code     0  startup_stm32f103xb.o(.text)
    TAMPER_IRQHandler                        0x0800011b   Thumb Code     0  startup_stm32f103xb.o(.text)
    TIM1_BRK_IRQHandler                      0x0800011b   Thumb Code     0  startup_stm32f103xb.o(.text)
    TIM1_CC_IRQHandler                       0x0800011b   Thumb Code     0  startup_stm32f103xb.o(.text)
    TIM1_TRG_COM_IRQHandler                  0x0800011b   Thumb Code     0  startup_stm32f103xb.o(.text)
    TIM1_UP_IRQHandler                       0x0800011b   Thumb Code     0  startup_stm32f103xb.o(.text)
    TIM2_IRQHandler                          0x0800011b   Thumb Code     0  startup_stm32f103xb.o(.text)
    TIM3_IRQHandler                          0x0800011b   Thumb Code     0  startup_stm32f103xb.o(.text)
    TIM4_IRQHandler                          0x0800011b   Thumb Code     0  startup_stm32f103xb.o(.text)
    USART1_IRQHandler                        0x0800011b   Thumb Code     0  startup_stm32f103xb.o(.text)
    USART2_IRQHandler                        0x0800011b   Thumb Code     0  startup_stm32f103xb.o(.text)
    USART3_IRQHandler                        0x0800011b   Thumb Code     0  startup_stm32f103xb.o(.text)
    USBWakeUp_IRQHandler                     0x0800011b   Thumb Code     0  startup_stm32f103xb.o(.text)
    USB_HP_CAN1_TX_IRQHandler                0x0800011b   Thumb Code     0  startup_stm32f103xb.o(.text)
    USB_LP_CAN1_RX0_IRQHandler               0x0800011b   Thumb Code     0  startup_stm32f103xb.o(.text)
    WWDG_IRQHandler                          0x0800011b   Thumb Code     0  startup_stm32f103xb.o(.text)
    memcmp                                   0x08000125   Thumb Code    26  memcmp.o(.text)
    __aeabi_fadd                             0x0800013f   Thumb Code   164  fadd.o(.text)
    __aeabi_fsub                             0x080001e3   Thumb Code     6  fadd.o(.text)
    __aeabi_frsub                            0x080001e9   Thumb Code     6  fadd.o(.text)
    __aeabi_fmul                             0x080001ef   Thumb Code   100  fmul.o(.text)
    __aeabi_fdiv                             0x08000253   Thumb Code   124  fdiv.o(.text)
    __aeabi_dmul                             0x080002cf   Thumb Code   228  dmul.o(.text)
    __aeabi_ddiv                             0x080003b3   Thumb Code   222  ddiv.o(.text)
    __aeabi_i2f                              0x08000491   Thumb Code    18  fflti.o(.text)
    __aeabi_ui2f                             0x080004a3   Thumb Code    10  ffltui.o(.text)
    __aeabi_f2iz                             0x080004ad   Thumb Code    50  ffixi.o(.text)
    __aeabi_f2d                              0x080004df   Thumb Code    38  f2d.o(.text)
    __aeabi_d2f                              0x08000505   Thumb Code    56  d2f.o(.text)
    __aeabi_uidiv                            0x0800053d   Thumb Code     0  uidiv.o(.text)
    __aeabi_uidivmod                         0x0800053d   Thumb Code    44  uidiv.o(.text)
    __I$use$fp                               0x08000569   Thumb Code     0  iusefp.o(.text)
    _float_round                             0x08000569   Thumb Code    18  fepilogue.o(.text)
    _float_epilogue                          0x0800057b   Thumb Code    92  fepilogue.o(.text)
    _double_round                            0x080005d7   Thumb Code    30  depilogue.o(.text)
    _double_epilogue                         0x080005f5   Thumb Code   156  depilogue.o(.text)
    __aeabi_dadd                             0x08000691   Thumb Code   322  dadd.o(.text)
    __aeabi_dsub                             0x080007d3   Thumb Code     6  dadd.o(.text)
    __aeabi_drsub                            0x080007d9   Thumb Code     6  dadd.o(.text)
    __ARM_scalbn                             0x080007df   Thumb Code    46  dscalb.o(.text)
    scalbn                                   0x080007df   Thumb Code     0  dscalb.o(.text)
    __aeabi_cdcmpeq                          0x0800080d   Thumb Code     0  cdcmple.o(.text)
    __aeabi_cdcmple                          0x0800080d   Thumb Code    48  cdcmple.o(.text)
    __scatterload                            0x0800083d   Thumb Code    38  init.o(.text)
    __scatterload_rt2                        0x0800083d   Thumb Code     0  init.o(.text)
    __aeabi_llsl                             0x0800086d   Thumb Code    30  llshl.o(.text)
    _ll_shift_l                              0x0800086d   Thumb Code     0  llshl.o(.text)
    __aeabi_llsr                             0x0800088b   Thumb Code    32  llushr.o(.text)
    _ll_ushift_r                             0x0800088b   Thumb Code     0  llushr.o(.text)
    __aeabi_lasr                             0x080008ab   Thumb Code    36  llsshr.o(.text)
    _ll_sshift_r                             0x080008ab   Thumb Code     0  llsshr.o(.text)
    _dsqrt                                   0x080008cf   Thumb Code   162  dsqrt.o(.text)
    BusFault_Handler                         0x08000971   Thumb Code     2  stm32f1xx_it.o(.text.BusFault_Handler)
    DebugMon_Handler                         0x08000975   Thumb Code     2  stm32f1xx_it.o(.text.DebugMon_Handler)
    Error_Handler                            0x08000979   Thumb Code    10  main.o(.text.Error_Handler)
    HAL_Delay                                0x08000985   Thumb Code    40  stm32f1xx_hal.o(.text.HAL_Delay)
    HAL_GPIO_Init                            0x080009ad   Thumb Code   526  stm32f1xx_hal_gpio.o(.text.HAL_GPIO_Init)
    HAL_GetTick                              0x08000bbd   Thumb Code    12  stm32f1xx_hal.o(.text.HAL_GetTick)
    HAL_I2C_Init                             0x08000bc9   Thumb Code   356  stm32f1xx_hal_i2c.o(.text.HAL_I2C_Init)
    HAL_I2C_Mem_Read                         0x08000d2d   Thumb Code   838  stm32f1xx_hal_i2c.o(.text.HAL_I2C_Mem_Read)
    HAL_I2C_Mem_Write                        0x08001075   Thumb Code   348  stm32f1xx_hal_i2c.o(.text.HAL_I2C_Mem_Write)
    HAL_I2C_MspInit                          0x080011d1   Thumb Code    98  i2c.o(.text.HAL_I2C_MspInit)
    HAL_IncTick                              0x08001235   Thumb Code    26  stm32f1xx_hal.o(.text.HAL_IncTick)
    HAL_Init                                 0x08001251   Thumb Code    38  stm32f1xx_hal.o(.text.HAL_Init)
    HAL_InitTick                             0x08001279   Thumb Code    72  stm32f1xx_hal.o(.text.HAL_InitTick)
    HAL_MspInit                              0x080012c1   Thumb Code    66  stm32f1xx_hal_msp.o(.text.HAL_MspInit)
    HAL_NVIC_SetPriority                     0x08001305   Thumb Code    86  stm32f1xx_hal_cortex.o(.text.HAL_NVIC_SetPriority)
    HAL_NVIC_SetPriorityGrouping             0x0800135d   Thumb Code    32  stm32f1xx_hal_cortex.o(.text.HAL_NVIC_SetPriorityGrouping)
    HAL_RCC_ClockConfig                      0x0800137d   Thumb Code   450  stm32f1xx_hal_rcc.o(.text.HAL_RCC_ClockConfig)
    HAL_RCC_GetPCLK1Freq                     0x08001541   Thumb Code    38  stm32f1xx_hal_rcc.o(.text.HAL_RCC_GetPCLK1Freq)
    HAL_RCC_GetPCLK2Freq                     0x08001569   Thumb Code    38  stm32f1xx_hal_rcc.o(.text.HAL_RCC_GetPCLK2Freq)
    HAL_RCC_OscConfig                        0x08001591   Thumb Code  1024  stm32f1xx_hal_rcc.o(.text.HAL_RCC_OscConfig)
    HAL_SYSTICK_Config                       0x08001991   Thumb Code    44  stm32f1xx_hal_cortex.o(.text.HAL_SYSTICK_Config)
    HAL_UART_Init                            0x080019bd   Thumb Code   226  stm32f1xx_hal_uart.o(.text.HAL_UART_Init)
    HAL_UART_MspInit                         0x08001aa1   Thumb Code   122  usart.o(.text.HAL_UART_MspInit)
    HAL_UART_Transmit                        0x08001b1d   Thumb Code   632  stm32f1xx_hal_uart.o(.text.HAL_UART_Transmit)
    HardFault_Handler                        0x08001d95   Thumb Code     2  stm32f1xx_it.o(.text.HardFault_Handler)
    MPU6050_DMP_GetData                      0x08002421   Thumb Code   470  mpu6050.o(.text.MPU6050_DMP_GetData)
    MPU6050_DMP_Init                         0x080025f9   Thumb Code   166  mpu6050.o(.text.MPU6050_DMP_Init)
    MX_GPIO_Init                             0x080026a1   Thumb Code    68  gpio.o(.text.MX_GPIO_Init)
    MX_I2C1_Init                             0x080026e5   Thumb Code    66  i2c.o(.text.MX_I2C1_Init)
    MX_USART1_UART_Init                      0x08002729   Thumb Code    60  usart.o(.text.MX_USART1_UART_Init)
    MemManage_Handler                        0x08002765   Thumb Code     2  stm32f1xx_it.o(.text.MemManage_Handler)
    NMI_Handler                              0x08002769   Thumb Code     2  stm32f1xx_it.o(.text.NMI_Handler)
    PendSV_Handler                           0x0800276d   Thumb Code     2  stm32f1xx_it.o(.text.PendSV_Handler)
    SVC_Handler                              0x08002771   Thumb Code     2  stm32f1xx_it.o(.text.SVC_Handler)
    SysTick_Handler                          0x08002775   Thumb Code     4  stm32f1xx_it.o(.text.SysTick_Handler)
    SystemInit                               0x08002779   Thumb Code     2  system_stm32f1xx.o(.text.SystemInit)
    UsageFault_Handler                       0x0800277d   Thumb Code     2  stm32f1xx_it.o(.text.UsageFault_Handler)
    dmp_enable_feature                       0x08002781   Thumb Code   672  inv_mpu_dmp_motion_driver.o(.text.dmp_enable_feature)
    dmp_load_motion_driver_firmware          0x08002a21   Thumb Code    22  inv_mpu_dmp_motion_driver.o(.text.dmp_load_motion_driver_firmware)
    dmp_read_fifo                            0x08002a39   Thumb Code   456  inv_mpu_dmp_motion_driver.o(.text.dmp_read_fifo)
    dmp_set_fifo_rate                        0x08002c01   Thumb Code   112  inv_mpu_dmp_motion_driver.o(.text.dmp_set_fifo_rate)
    dmp_set_orientation                      0x08002c71   Thumb Code   232  inv_mpu_dmp_motion_driver.o(.text.dmp_set_orientation)
    dmp_set_tap_thresh                       0x08002d59   Thumb Code   298  inv_mpu_dmp_motion_driver.o(.text.dmp_set_tap_thresh)
    fputc                                    0x08002e85   Thumb Code    32  main.o(.text.fputc)
    inv_orientation_matrix_to_scalar         0x08002ea5   Thumb Code   220  mpu6050.o(.text.inv_orientation_matrix_to_scalar)
    main                                     0x08002f81   Thumb Code   364  main.o(.text.main)
    mpu_configure_fifo                       0x08003115   Thumb Code   204  inv_mpu.o(.text.mpu_configure_fifo)
    mpu_get_accel_fsr                        0x080031e1   Thumb Code    54  inv_mpu.o(.text.mpu_get_accel_fsr)
    mpu_init                                 0x08003219   Thumb Code   404  inv_mpu.o(.text.mpu_init)
    mpu_load_firmware                        0x080033ad   Thumb Code   454  inv_mpu.o(.text.mpu_load_firmware)
    mpu_lp_accel_mode                        0x08003575   Thumb Code   666  inv_mpu.o(.text.mpu_lp_accel_mode)
    mpu_read_fifo_stream                     0x08003811   Thumb Code   246  inv_mpu.o(.text.mpu_read_fifo_stream)
    mpu_reset_fifo                           0x08003909   Thumb Code   528  inv_mpu.o(.text.mpu_reset_fifo)
    mpu_set_bypass                           0x08003b19   Thumb Code   310  inv_mpu.o(.text.mpu_set_bypass)
    mpu_set_dmp_state                        0x08003c51   Thumb Code   320  inv_mpu.o(.text.mpu_set_dmp_state)
    mpu_set_lpf                              0x08003d91   Thumb Code   180  inv_mpu.o(.text.mpu_set_lpf)
    mpu_set_sample_rate                      0x08003e45   Thumb Code   254  inv_mpu.o(.text.mpu_set_sample_rate)
    mpu_set_sensors                          0x08003f45   Thumb Code   300  inv_mpu.o(.text.mpu_set_sensors)
    mpu_write_mem                            0x08004071   Thumb Code   134  inv_mpu.o(.text.mpu_write_mem)
    __0printf$1                              0x080040f9   Thumb Code    22  printf1.o(i.__0printf$1)
    __1printf$1                              0x080040f9   Thumb Code     0  printf1.o(i.__0printf$1)
    __2printf                                0x080040f9   Thumb Code     0  printf1.o(i.__0printf$1)
    __ARM_fpclassify                         0x08004119   Thumb Code    40  fpclassify.o(i.__ARM_fpclassify)
    __kernel_poly                            0x08004141   Thumb Code   170  poly.o(i.__kernel_poly)
    __mathlib_dbl_infnan                     0x080041eb   Thumb Code     6  dunder.o(i.__mathlib_dbl_infnan)
    __mathlib_dbl_infnan2                    0x080041f1   Thumb Code     4  dunder.o(i.__mathlib_dbl_infnan2)
    __mathlib_dbl_invalid                    0x080041f5   Thumb Code    12  dunder.o(i.__mathlib_dbl_invalid)
    __mathlib_dbl_underflow                  0x08004201   Thumb Code    10  dunder.o(i.__mathlib_dbl_underflow)
    __scatterload_copy                       0x08004211   Thumb Code    14  handlers.o(i.__scatterload_copy)
    __scatterload_null                       0x0800421f   Thumb Code     2  handlers.o(i.__scatterload_null)
    __scatterload_zeroinit                   0x08004221   Thumb Code    14  handlers.o(i.__scatterload_zeroinit)
    __set_errno                              0x08004231   Thumb Code     6  errno.o(i.__set_errno)
    asin                                     0x08004391   Thumb Code   572  asin.o(i.asin)
    atan                                     0x08004601   Thumb Code   474  atan.o(i.atan)
    atan2                                    0x08004821   Thumb Code   374  atan2.o(i.atan2)
    puts                                     0x080049bd   Thumb Code    30  puts.o(i.puts)
    sqrt                                     0x080049e1   Thumb Code    76  sqrt.o(i.sqrt)
    __mathlib_zero                           0x08004b18   Data           8  qnan.o(.constdata)
    AHBPrescTable                            0x08004b26   Data          16  system_stm32f1xx.o(.rodata.AHBPrescTable)
    APBPrescTable                            0x08004b36   Data           8  system_stm32f1xx.o(.rodata.APBPrescTable)
    hw                                       0x08005746   Data          12  inv_mpu.o(.rodata.hw)
    reg                                      0x08005752   Data          30  inv_mpu.o(.rodata.reg)
    test                                     0x08005770   Data          40  inv_mpu.o(.rodata.test)
    Region$$Table$$Base                      0x08005798   Number         0  anon$$obj.o(Region$$Table)
    Region$$Table$$Limit                     0x080057b8   Number         0  anon$$obj.o(Region$$Table)
    __stdout                                 0x20000000   Data           4  stdout.o(.data)
    uwTickFreq                               0x20000008   Data           1  stm32f1xx_hal.o(.data..L_MergedGlobals)
    uwTickPrio                               0x2000000c   Data           4  stm32f1xx_hal.o(.data..L_MergedGlobals)
    SystemCoreClock                          0x20000010   Data           4  system_stm32f1xx.o(.data.SystemCoreClock)
    hi2c1                                    0x20000068   Data          84  i2c.o(.bss.hi2c1)
    huart1                                   0x200000bc   Data          72  usart.o(.bss.huart1)
    uartTxBuffer                             0x20000104   Data          17  main.o(.bss.uartTxBuffer)
    uwTick                                   0x20000118   Data           4  stm32f1xx_hal.o(.bss.uwTick)
    __initial_sp                             0x20000520   Data           0  startup_stm32f103xb.o(STACK)



==============================================================================

Memory Map of the image

  Image Entry point : 0x080000ed

  Load Region LR_IROM1 (Base: 0x08000000, Size: 0x00005808, Max: 0x00010000, ABSOLUTE)

    Execution Region ER_IROM1 (Exec base: 0x08000000, Load base: 0x08000000, Size: 0x000057b8, Max: 0x00010000, ABSOLUTE)

    Exec Addr    Load Addr    Size         Type   Attr      Idx    E Section Name        Object

    0x08000000   0x08000000   0x000000ec   Data   RO            3    RESET               startup_stm32f103xb.o
    0x080000ec   0x080000ec   0x00000000   Code   RO          949  * .ARM.Collect$$$$00000000  mc_w.l(entry.o)
    0x080000ec   0x080000ec   0x00000004   Code   RO         1279    .ARM.Collect$$$$00000001  mc_w.l(entry2.o)
    0x080000f0   0x080000f0   0x00000004   Code   RO         1282    .ARM.Collect$$$$00000004  mc_w.l(entry5.o)
    0x080000f4   0x080000f4   0x00000000   Code   RO         1284    .ARM.Collect$$$$00000008  mc_w.l(entry7b.o)
    0x080000f4   0x080000f4   0x00000000   Code   RO         1286    .ARM.Collect$$$$0000000A  mc_w.l(entry8b.o)
    0x080000f4   0x080000f4   0x00000008   Code   RO         1287    .ARM.Collect$$$$0000000B  mc_w.l(entry9a.o)
    0x080000fc   0x080000fc   0x00000000   Code   RO         1289    .ARM.Collect$$$$0000000D  mc_w.l(entry10a.o)
    0x080000fc   0x080000fc   0x00000000   Code   RO         1291    .ARM.Collect$$$$0000000F  mc_w.l(entry11a.o)
    0x080000fc   0x080000fc   0x00000004   Code   RO         1280    .ARM.Collect$$$$00002712  mc_w.l(entry2.o)
    0x08000100   0x08000100   0x00000024   Code   RO            4    .text               startup_stm32f103xb.o
    0x08000124   0x08000124   0x0000001a   Code   RO          958    .text               mc_w.l(memcmp.o)
    0x0800013e   0x0800013e   0x000000b0   Code   RO         1221    .text               mf_w.l(fadd.o)
    0x080001ee   0x080001ee   0x00000064   Code   RO         1223    .text               mf_w.l(fmul.o)
    0x08000252   0x08000252   0x0000007c   Code   RO         1225    .text               mf_w.l(fdiv.o)
    0x080002ce   0x080002ce   0x000000e4   Code   RO         1227    .text               mf_w.l(dmul.o)
    0x080003b2   0x080003b2   0x000000de   Code   RO         1229    .text               mf_w.l(ddiv.o)
    0x08000490   0x08000490   0x00000012   Code   RO         1239    .text               mf_w.l(fflti.o)
    0x080004a2   0x080004a2   0x0000000a   Code   RO         1241    .text               mf_w.l(ffltui.o)
    0x080004ac   0x080004ac   0x00000032   Code   RO         1245    .text               mf_w.l(ffixi.o)
    0x080004de   0x080004de   0x00000026   Code   RO         1247    .text               mf_w.l(f2d.o)
    0x08000504   0x08000504   0x00000038   Code   RO         1249    .text               mf_w.l(d2f.o)
    0x0800053c   0x0800053c   0x0000002c   Code   RO         1303    .text               mc_w.l(uidiv.o)
    0x08000568   0x08000568   0x00000000   Code   RO         1314    .text               mc_w.l(iusefp.o)
    0x08000568   0x08000568   0x0000006e   Code   RO         1315    .text               mf_w.l(fepilogue.o)
    0x080005d6   0x080005d6   0x000000ba   Code   RO         1317    .text               mf_w.l(depilogue.o)
    0x08000690   0x08000690   0x0000014e   Code   RO         1319    .text               mf_w.l(dadd.o)
    0x080007de   0x080007de   0x0000002e   Code   RO         1321    .text               mf_w.l(dscalb.o)
    0x0800080c   0x0800080c   0x00000030   Code   RO         1325    .text               mf_w.l(cdcmple.o)
    0x0800083c   0x0800083c   0x00000030   Code   RO         1329    .text               mc_w.l(init.o)
    0x0800086c   0x0800086c   0x0000001e   Code   RO         1331    .text               mc_w.l(llshl.o)
    0x0800088a   0x0800088a   0x00000020   Code   RO         1333    .text               mc_w.l(llushr.o)
    0x080008aa   0x080008aa   0x00000024   Code   RO         1335    .text               mc_w.l(llsshr.o)
    0x080008ce   0x080008ce   0x000000a2   Code   RO         1337    .text               mf_w.l(dsqrt.o)
    0x08000970   0x08000970   0x00000002   Code   RO          113    .text.BusFault_Handler  stm32f1xx_it.o
    0x08000972   0x08000972   0x00000002   PAD
    0x08000974   0x08000974   0x00000002   Code   RO          119    .text.DebugMon_Handler  stm32f1xx_it.o
    0x08000976   0x08000976   0x00000002   PAD
    0x08000978   0x08000978   0x0000000a   Code   RO           50    .text.Error_Handler  main.o
    0x08000982   0x08000982   0x00000002   PAD
    0x08000984   0x08000984   0x00000028   Code   RO          491    .text.HAL_Delay     stm32f1xx_hal.o
    0x080009ac   0x080009ac   0x0000020e   Code   RO          583    .text.HAL_GPIO_Init  stm32f1xx_hal_gpio.o
    0x08000bba   0x08000bba   0x00000002   PAD
    0x08000bbc   0x08000bbc   0x0000000c   Code   RO          483    .text.HAL_GetTick   stm32f1xx_hal.o
    0x08000bc8   0x08000bc8   0x00000164   Code   RO          333    .text.HAL_I2C_Init  stm32f1xx_hal_i2c.o
    0x08000d2c   0x08000d2c   0x00000346   Code   RO          381    .text.HAL_I2C_Mem_Read  stm32f1xx_hal_i2c.o
    0x08001072   0x08001072   0x00000002   PAD
    0x08001074   0x08001074   0x0000015c   Code   RO          377    .text.HAL_I2C_Mem_Write  stm32f1xx_hal_i2c.o
    0x080011d0   0x080011d0   0x00000062   Code   RO           79    .text.HAL_I2C_MspInit  i2c.o
    0x08001232   0x08001232   0x00000002   PAD
    0x08001234   0x08001234   0x0000001a   Code   RO          481    .text.HAL_IncTick   stm32f1xx_hal.o
    0x0800124e   0x0800124e   0x00000002   PAD
    0x08001250   0x08001250   0x00000026   Code   RO          471    .text.HAL_Init      stm32f1xx_hal.o
    0x08001276   0x08001276   0x00000002   PAD
    0x08001278   0x08001278   0x00000048   Code   RO          473    .text.HAL_InitTick  stm32f1xx_hal.o
    0x080012c0   0x080012c0   0x00000042   Code   RO          132    .text.HAL_MspInit   stm32f1xx_hal_msp.o
    0x08001302   0x08001302   0x00000002   PAD
    0x08001304   0x08001304   0x00000056   Code   RO          641    .text.HAL_NVIC_SetPriority  stm32f1xx_hal_cortex.o
    0x0800135a   0x0800135a   0x00000002   PAD
    0x0800135c   0x0800135c   0x00000020   Code   RO          639    .text.HAL_NVIC_SetPriorityGrouping  stm32f1xx_hal_cortex.o
    0x0800137c   0x0800137c   0x000001c2   Code   RO          535    .text.HAL_RCC_ClockConfig  stm32f1xx_hal_rcc.o
    0x0800153e   0x0800153e   0x00000002   PAD
    0x08001540   0x08001540   0x00000026   Code   RO          547    .text.HAL_RCC_GetPCLK1Freq  stm32f1xx_hal_rcc.o
    0x08001566   0x08001566   0x00000002   PAD
    0x08001568   0x08001568   0x00000026   Code   RO          549    .text.HAL_RCC_GetPCLK2Freq  stm32f1xx_hal_rcc.o
    0x0800158e   0x0800158e   0x00000002   PAD
    0x08001590   0x08001590   0x00000400   Code   RO          533    .text.HAL_RCC_OscConfig  stm32f1xx_hal_rcc.o
    0x08001990   0x08001990   0x0000002c   Code   RO          651    .text.HAL_SYSTICK_Config  stm32f1xx_hal_cortex.o
    0x080019bc   0x080019bc   0x000000e2   Code   RO          806    .text.HAL_UART_Init  stm32f1xx_hal_uart.o
    0x08001a9e   0x08001a9e   0x00000002   PAD
    0x08001aa0   0x08001aa0   0x0000007a   Code   RO           94    .text.HAL_UART_MspInit  usart.o
    0x08001b1a   0x08001b1a   0x00000002   PAD
    0x08001b1c   0x08001b1c   0x00000278   Code   RO          820    .text.HAL_UART_Transmit  stm32f1xx_hal_uart.o
    0x08001d94   0x08001d94   0x00000002   Code   RO          109    .text.HardFault_Handler  stm32f1xx_it.o
    0x08001d96   0x08001d96   0x00000002   PAD
    0x08001d98   0x08001d98   0x00000112   Code   RO          383    .text.I2C_RequestMemoryRead  stm32f1xx_hal_i2c.o
    0x08001eaa   0x08001eaa   0x00000002   PAD
    0x08001eac   0x08001eac   0x000000c8   Code   RO          379    .text.I2C_RequestMemoryWrite  stm32f1xx_hal_i2c.o
    0x08001f74   0x08001f74   0x000000ba   Code   RO          347    .text.I2C_WaitOnBTFFlagUntilTimeout  stm32f1xx_hal_i2c.o
    0x0800202e   0x0800202e   0x00000002   PAD
    0x08002030   0x08002030   0x000001ca   Code   RO          343    .text.I2C_WaitOnFlagUntilTimeout  stm32f1xx_hal_i2c.o
    0x080021fa   0x080021fa   0x00000002   PAD
    0x080021fc   0x080021fc   0x000000d6   Code   RO          461    .text.I2C_WaitOnMasterAddressFlagUntilTimeout  stm32f1xx_hal_i2c.o
    0x080022d2   0x080022d2   0x00000002   PAD
    0x080022d4   0x080022d4   0x00000090   Code   RO          351    .text.I2C_WaitOnRXNEFlagUntilTimeout  stm32f1xx_hal_i2c.o
    0x08002364   0x08002364   0x000000ba   Code   RO          345    .text.I2C_WaitOnTXEFlagUntilTimeout  stm32f1xx_hal_i2c.o
    0x0800241e   0x0800241e   0x00000002   PAD
    0x08002420   0x08002420   0x000001d6   Code   RO           29    .text.MPU6050_DMP_GetData  mpu6050.o
    0x080025f6   0x080025f6   0x00000002   PAD
    0x080025f8   0x080025f8   0x000000a6   Code   RO           13    .text.MPU6050_DMP_Init  mpu6050.o
    0x0800269e   0x0800269e   0x00000002   PAD
    0x080026a0   0x080026a0   0x00000044   Code   RO           69    .text.MX_GPIO_Init  gpio.o
    0x080026e4   0x080026e4   0x00000042   Code   RO           77    .text.MX_I2C1_Init  i2c.o
    0x08002726   0x08002726   0x00000002   PAD
    0x08002728   0x08002728   0x0000003c   Code   RO           92    .text.MX_USART1_UART_Init  usart.o
    0x08002764   0x08002764   0x00000002   Code   RO          111    .text.MemManage_Handler  stm32f1xx_it.o
    0x08002766   0x08002766   0x00000002   PAD
    0x08002768   0x08002768   0x00000002   Code   RO          107    .text.NMI_Handler   stm32f1xx_it.o
    0x0800276a   0x0800276a   0x00000002   PAD
    0x0800276c   0x0800276c   0x00000002   Code   RO          121    .text.PendSV_Handler  stm32f1xx_it.o
    0x0800276e   0x0800276e   0x00000002   PAD
    0x08002770   0x08002770   0x00000002   Code   RO          117    .text.SVC_Handler   stm32f1xx_it.o
    0x08002772   0x08002772   0x00000002   PAD
    0x08002774   0x08002774   0x00000004   Code   RO          123    .text.SysTick_Handler  stm32f1xx_it.o
    0x08002778   0x08002778   0x00000002   Code   RO          926    .text.SystemInit    system_stm32f1xx.o
    0x0800277a   0x0800277a   0x00000002   PAD
    0x0800277c   0x0800277c   0x00000002   Code   RO          115    .text.UsageFault_Handler  stm32f1xx_it.o
    0x0800277e   0x0800277e   0x00000002   PAD
    0x08002780   0x08002780   0x000002a0   Code   RO          177    .text.dmp_enable_feature  inv_mpu_dmp_motion_driver.o
    0x08002a20   0x08002a20   0x00000016   Code   RO          141    .text.dmp_load_motion_driver_firmware  inv_mpu_dmp_motion_driver.o
    0x08002a36   0x08002a36   0x00000002   PAD
    0x08002a38   0x08002a38   0x000001c8   Code   RO          189    .text.dmp_read_fifo  inv_mpu_dmp_motion_driver.o
    0x08002c00   0x08002c00   0x00000070   Code   RO          149    .text.dmp_set_fifo_rate  inv_mpu_dmp_motion_driver.o
    0x08002c70   0x08002c70   0x000000e8   Code   RO          143    .text.dmp_set_orientation  inv_mpu_dmp_motion_driver.o
    0x08002d58   0x08002d58   0x0000012a   Code   RO          153    .text.dmp_set_tap_thresh  inv_mpu_dmp_motion_driver.o
    0x08002e82   0x08002e82   0x00000002   PAD
    0x08002e84   0x08002e84   0x00000020   Code   RO           40    .text.fputc         main.o
    0x08002ea4   0x08002ea4   0x000000dc   Code   RO           11    .text.inv_orientation_matrix_to_scalar  mpu6050.o
    0x08002f80   0x08002f80   0x00000194   Code   RO           46    .text.main          main.o
    0x08003114   0x08003114   0x000000cc   Code   RO          227    .text.mpu_configure_fifo  inv_mpu.o
    0x080031e0   0x080031e0   0x00000036   Code   RO          259    .text.mpu_get_accel_fsr  inv_mpu.o
    0x08003216   0x08003216   0x00000002   PAD
    0x08003218   0x08003218   0x00000194   Code   RO          217    .text.mpu_init      inv_mpu.o
    0x080033ac   0x080033ac   0x000001c6   Code   RO          295    .text.mpu_load_firmware  inv_mpu.o
    0x08003572   0x08003572   0x00000002   PAD
    0x08003574   0x08003574   0x0000029a   Code   RO          233    .text.mpu_lp_accel_mode  inv_mpu.o
    0x0800380e   0x0800380e   0x00000002   PAD
    0x08003810   0x08003810   0x000000f6   Code   RO          281    .text.mpu_read_fifo_stream  inv_mpu.o
    0x08003906   0x08003906   0x00000002   PAD
    0x08003908   0x08003908   0x00000210   Code   RO          255    .text.mpu_reset_fifo  inv_mpu.o
    0x08003b18   0x08003b18   0x00000136   Code   RO          229    .text.mpu_set_bypass  inv_mpu.o
    0x08003c4e   0x08003c4e   0x00000002   PAD
    0x08003c50   0x08003c50   0x00000140   Code   RO          287    .text.mpu_set_dmp_state  inv_mpu.o
    0x08003d90   0x08003d90   0x000000b4   Code   RO          223    .text.mpu_set_lpf   inv_mpu.o
    0x08003e44   0x08003e44   0x000000fe   Code   RO          225    .text.mpu_set_sample_rate  inv_mpu.o
    0x08003f42   0x08003f42   0x00000002   PAD
    0x08003f44   0x08003f44   0x0000012c   Code   RO          231    .text.mpu_set_sensors  inv_mpu.o
    0x08004070   0x08004070   0x00000086   Code   RO          291    .text.mpu_write_mem  inv_mpu.o
    0x080040f6   0x080040f6   0x00000002   PAD
    0x080040f8   0x080040f8   0x00000020   Code   RO         1005    i.__0printf$1       mc_w.l(printf1.o)
    0x08004118   0x08004118   0x00000028   Code   RO         1270    i.__ARM_fpclassify  m_ws.l(fpclassify.o)
    0x08004140   0x08004140   0x000000aa   Code   RO         1272    i.__kernel_poly     m_ws.l(poly.o)
    0x080041ea   0x080041ea   0x00000006   Code   RO         1257    i.__mathlib_dbl_infnan  m_ws.l(dunder.o)
    0x080041f0   0x080041f0   0x00000004   Code   RO         1258    i.__mathlib_dbl_infnan2  m_ws.l(dunder.o)
    0x080041f4   0x080041f4   0x0000000c   Code   RO         1259    i.__mathlib_dbl_invalid  m_ws.l(dunder.o)
    0x08004200   0x08004200   0x00000010   Code   RO         1262    i.__mathlib_dbl_underflow  m_ws.l(dunder.o)
    0x08004210   0x08004210   0x0000000e   Code   RO         1341    i.__scatterload_copy  mc_w.l(handlers.o)
    0x0800421e   0x0800421e   0x00000002   Code   RO         1342    i.__scatterload_null  mc_w.l(handlers.o)
    0x08004220   0x08004220   0x0000000e   Code   RO         1343    i.__scatterload_zeroinit  mc_w.l(handlers.o)
    0x0800422e   0x0800422e   0x00000002   PAD
    0x08004230   0x08004230   0x0000000c   Code   RO         1309    i.__set_errno       mc_w.l(errno.o)
    0x0800423c   0x0800423c   0x00000154   Code   RO         1012    i._printf_core      mc_w.l(printf1.o)
    0x08004390   0x08004390   0x00000270   Code   RO          941    i.asin              m_ws.l(asin.o)
    0x08004600   0x08004600   0x00000220   Code   RO         1252    i.atan              m_ws.l(atan.o)
    0x08004820   0x08004820   0x0000019c   Code   RO          946    i.atan2             m_ws.l(atan2.o)
    0x080049bc   0x080049bc   0x00000024   Code   RO          952    i.puts              mc_w.l(puts.o)
    0x080049e0   0x080049e0   0x0000004c   Code   RO         1276    i.sqrt              m_ws.l(sqrt.o)
    0x08004a2c   0x08004a2c   0x00000004   PAD
    0x08004a30   0x08004a30   0x00000050   Data   RO          942    .constdata          m_ws.l(asin.o)
    0x08004a80   0x08004a80   0x00000098   Data   RO         1253    .constdata          m_ws.l(atan.o)
    0x08004b18   0x08004b18   0x00000008   Data   RO         1274    .constdata          m_ws.l(qnan.o)
    0x08004b20   0x08004b20   0x00000003   Data   RO          197    .rodata..L__const.dmp_set_orientation.accel_axes  inv_mpu_dmp_motion_driver.o
    0x08004b23   0x08004b23   0x00000003   Data   RO          196    .rodata..L__const.dmp_set_orientation.gyro_axes  inv_mpu_dmp_motion_driver.o
    0x08004b26   0x08004b26   0x00000010   Data   RO          931    .rodata.AHBPrescTable  system_stm32f1xx.o
    0x08004b36   0x08004b36   0x00000008   Data   RO          932    .rodata.APBPrescTable  system_stm32f1xx.o
    0x08004b3e   0x08004b3e   0x00000002   Data   RO          560    .rodata.HAL_RCC_GetSysClockFreq.aPredivFactorTable  stm32f1xx_hal_rcc.o
    0x08004b40   0x08004b40   0x00000010   Data   RO          559    .rodata.cst16       stm32f1xx_hal_rcc.o
    0x08004b50   0x08004b50   0x00000bf6   Data   RO          195    .rodata.dmp_memory  inv_mpu_dmp_motion_driver.o
    0x08005746   0x08005746   0x0000000c   Data   RO          306    .rodata.hw          inv_mpu.o
    0x08005752   0x08005752   0x0000001e   Data   RO          305    .rodata.reg         inv_mpu.o
    0x08005770   0x08005770   0x00000028   Data   RO          307    .rodata.test        inv_mpu.o
    0x08005798   0x08005798   0x00000020   Data   RO         1340    Region$$Table       anon$$obj.o


    Execution Region RW_IRAM1 (Exec base: 0x20000000, Load base: 0x080057b8, Size: 0x00000520, Max: 0x00005000, ABSOLUTE)

    Exec Addr    Load Addr    Size         Type   Attr      Idx    E Section Name        Object

    0x20000000   0x080057b8   0x00000004   Data   RW         1293    .data               mc_w.l(stdout.o)
    0x20000004   0x080057bc   0x00000004   Data   RW         1310    .data               mc_w.l(errno.o)
    0x20000008   0x080057c0   0x00000008   Data   RW          522    .data..L_MergedGlobals  stm32f1xx_hal.o
    0x20000010   0x080057c8   0x00000004   Data   RW          930    .data.SystemCoreClock  system_stm32f1xx.o
    0x20000014   0x080057cc   0x00000009   Data   RW           31    .data.gyro_pdata    mpu6050.o
    0x2000001d   0x080057d5   0x00000003   PAD
    0x20000020   0x080057d8   0x0000002c   Data   RW          308    .data.st            inv_mpu.o
    0x2000004c   0x08005804   0x00000004   PAD
    0x20000050        -       0x00000010   Zero   RW          204    .bss..L_MergedGlobals  inv_mpu_dmp_motion_driver.o
    0x20000060        -       0x00000002   Zero   RW          198    .bss.dmp.2          inv_mpu_dmp_motion_driver.o
    0x20000062   0x08005804   0x00000002   PAD
    0x20000064        -       0x00000002   Zero   RW          199    .bss.dmp.4          inv_mpu_dmp_motion_driver.o
    0x20000066   0x08005804   0x00000002   PAD
    0x20000068        -       0x00000054   Zero   RW           83    .bss.hi2c1          i2c.o
    0x200000bc        -       0x00000048   Zero   RW           98    .bss.huart1         usart.o
    0x20000104        -       0x00000011   Zero   RW           52    .bss.uartTxBuffer   main.o
    0x20000115   0x08005804   0x00000003   PAD
    0x20000118        -       0x00000004   Zero   RW          521    .bss.uwTick         stm32f1xx_hal.o
    0x2000011c   0x08005804   0x00000004   PAD
    0x20000120        -       0x00000400   Zero   RW            1    STACK               startup_stm32f103xb.o


==============================================================================

Image component sizes


      Code (inc. data)   RO Data    RW Data    ZI Data      Debug   Object Name

        68          0          0          0          0        928   gpio.o
       164          0          0          0         84       4585   i2c.o
      4054          0         82         44          0      29223   inv_mpu.o
      1792         10       3068          0         20      11369   inv_mpu_dmp_motion_driver.o
       446         40          0          0         17       8224   main.o
       856          0          0          9          0       5466   mpu6050.o
        36          8        236          0       1024        780   startup_stm32f103xb.o
       188          0          0          8          4       5738   stm32f1xx_hal.o
       162          0          0          0          0       8429   stm32f1xx_hal_cortex.o
       526         20          0          0          0       4611   stm32f1xx_hal_gpio.o
      3204          0          0          0          0      44345   stm32f1xx_hal_i2c.o
        66          0          0          0          0       1187   stm32f1xx_hal_msp.o
      1550          0         18          0          0       7919   stm32f1xx_hal_rcc.o
       858          0          0          0          0      32580   stm32f1xx_hal_uart.o
        20          0          0          0          0       1132   stm32f1xx_it.o
         2          0         24          4          0       1576   system_stm32f1xx.o
       182          0          0          0         72       4512   usart.o

    ----------------------------------------------------------------------
     14252         78       3460         68       1236     172604   Object Totals
         0          0         32          0          0          0   (incl. Generated)
        78          0          0          3         15          0   (incl. Padding)

    ----------------------------------------------------------------------

      Code (inc. data)   RO Data    RW Data    ZI Data      Debug   Library Member Name

       624         52         80          0          0        168   asin.o
       544         70        152          0          0        124   atan.o
       412         38          0          0          0        144   atan2.o
        38          6          0          0          0        272   dunder.o
        40          0          0          0          0         68   fpclassify.o
       170          0          0          0          0         96   poly.o
         0          0          8          0          0          0   qnan.o
        76          0          0          0          0         84   sqrt.o
         0          0          0          0          0          0   entry.o
         0          0          0          0          0          0   entry10a.o
         0          0          0          0          0          0   entry11a.o
         8          4          0          0          0          0   entry2.o
         4          0          0          0          0          0   entry5.o
         0          0          0          0          0          0   entry7b.o
         0          0          0          0          0          0   entry8b.o
         8          4          0          0          0          0   entry9a.o
        12          6          0          4          0         68   errno.o
        30          0          0          0          0          0   handlers.o
        48         10          0          0          0         68   init.o
         0          0          0          0          0          0   iusefp.o
        30          0          0          0          0         68   llshl.o
        36          0          0          0          0         68   llsshr.o
        32          0          0          0          0         68   llushr.o
        26          0          0          0          0         80   memcmp.o
       372         14          0          0          0        184   printf1.o
        36          6          0          0          0         80   puts.o
         0          0          0          4          0          0   stdout.o
        44          0          0          0          0         80   uidiv.o
        48          0          0          0          0         68   cdcmple.o
        56          0          0          0          0         88   d2f.o
       334          0          0          0          0        148   dadd.o
       222          0          0          0          0        100   ddiv.o
       186          0          0          0          0        176   depilogue.o
       228          0          0          0          0         96   dmul.o
        46          0          0          0          0         80   dscalb.o
       162          0          0          0          0        100   dsqrt.o
        38          0          0          0          0         68   f2d.o
       176          0          0          0          0        140   fadd.o
       124          0          0          0          0         88   fdiv.o
       110          0          0          0          0        168   fepilogue.o
        50          0          0          0          0         68   ffixi.o
        18          0          0          0          0         68   fflti.o
        10          0          0          0          0         68   ffltui.o
       100          0          0          0          0         76   fmul.o

    ----------------------------------------------------------------------
      4504        210        240          8          0       3320   Library Totals
         6          0          0          0          0          0   (incl. Padding)

    ----------------------------------------------------------------------

      Code (inc. data)   RO Data    RW Data    ZI Data      Debug   Library Name

      1904        166        240          0          0        956   m_ws.l
       686         44          0          8          0        764   mc_w.l
      1908          0          0          0          0       1600   mf_w.l

    ----------------------------------------------------------------------
      4504        210        240          8          0       3320   Library Totals

    ----------------------------------------------------------------------

==============================================================================


      Code (inc. data)   RO Data    RW Data    ZI Data      Debug   

     18756        288       3700         76       1236     174060   Grand Totals
     18756        288       3700         76       1236     174060   ELF Image Totals
     18756        288       3700         76          0          0   ROM Totals

==============================================================================

    Total RO  Size (Code + RO Data)                22456 (  21.93kB)
    Total RW  Size (RW Data + ZI Data)              1312 (   1.28kB)
    Total ROM Size (Code + RO Data + RW Data)      22532 (  22.00kB)

==============================================================================

